Archive member included to satisfy reference by file (symbol)

/usr/lib/gcc/arm-none-eabi/5.4.1/../../../arm-none-eabi/lib/armv7e-m/softfp/libm.a(lib_a-s_ceil.o)
                              ../../radio/CMakeFiles/radio.dir/sx1276/sx1276.c.o (ceil)
/usr/lib/gcc/arm-none-eabi/5.4.1/../../../arm-none-eabi/lib/armv7e-m/softfp/libm.a(lib_a-s_floor.o)
                              ../../radio/CMakeFiles/radio.dir/sx1276/sx1276.c.o (floor)
/usr/lib/gcc/arm-none-eabi/5.4.1/../../../arm-none-eabi/lib/armv7e-m/softfp/libm.a(lib_a-s_round.o)
                              ../../radio/CMakeFiles/radio.dir/sx1276/sx1276.c.o (round)
/usr/lib/gcc/arm-none-eabi/5.4.1/armv7e-m/softfp/libgcc.a(_arm_addsubdf3.o)
                              ../../boards/STM32L476/CMakeFiles/STM32L476.dir/rtc-board.c.o (__aeabi_dsub)
/usr/lib/gcc/arm-none-eabi/5.4.1/armv7e-m/softfp/libgcc.a(_arm_muldivdf3.o)
                              ../../system/CMakeFiles/system.dir/gps.c.o (__aeabi_dmul)
/usr/lib/gcc/arm-none-eabi/5.4.1/armv7e-m/softfp/libgcc.a(_arm_cmpdf2.o)
                              ../../system/CMakeFiles/system.dir/gps.c.o (__aeabi_dcmpeq)
/usr/lib/gcc/arm-none-eabi/5.4.1/armv7e-m/softfp/libgcc.a(_arm_fixdfsi.o)
                              ../../system/CMakeFiles/system.dir/gps.c.o (__aeabi_d2iz)
/usr/lib/gcc/arm-none-eabi/5.4.1/armv7e-m/softfp/libgcc.a(_arm_fixunsdfsi.o)
                              ../../radio/CMakeFiles/radio.dir/sx1276/sx1276.c.o (__aeabi_d2uiz)
/usr/lib/gcc/arm-none-eabi/5.4.1/armv7e-m/softfp/libgcc.a(_arm_truncdfsf2.o)
                              ../../peripherals/CMakeFiles/peripherals.dir/mpl3115.c.o (__aeabi_d2f)
/usr/lib/gcc/arm-none-eabi/5.4.1/armv7e-m/softfp/libgcc.a(_aeabi_uldivmod.o)
                              ../../boards/STM32L476/CMakeFiles/STM32L476.dir/__/mcu/stm32/STM32L4xx_HAL_Driver/Src/stm32l4xx_hal_uart.c.o (__aeabi_uldivmod)
/usr/lib/gcc/arm-none-eabi/5.4.1/armv7e-m/softfp/libgcc.a(_udivmoddi4.o)
                              /usr/lib/gcc/arm-none-eabi/5.4.1/armv7e-m/softfp/libgcc.a(_aeabi_uldivmod.o) (__udivmoddi4)
/usr/lib/gcc/arm-none-eabi/5.4.1/armv7e-m/softfp/libgcc.a(_dvmd_tls.o)
                              /usr/lib/gcc/arm-none-eabi/5.4.1/armv7e-m/softfp/libgcc.a(_aeabi_uldivmod.o) (__aeabi_ldiv0)
/usr/lib/gcc/arm-none-eabi/5.4.1/../../../arm-none-eabi/lib/armv7e-m/softfp/libg_nano.a(lib_a-atexit.o)
                              /usr/lib/gcc/arm-none-eabi/5.4.1/../../../arm-none-eabi/lib/armv7e-m/softfp/crt0.o (atexit)
/usr/lib/gcc/arm-none-eabi/5.4.1/../../../arm-none-eabi/lib/armv7e-m/softfp/libg_nano.a(lib_a-atoi.o)
                              ../../system/CMakeFiles/system.dir/gps.c.o (atoi)
/usr/lib/gcc/arm-none-eabi/5.4.1/../../../arm-none-eabi/lib/armv7e-m/softfp/libg_nano.a(lib_a-exit.o)
                              /usr/lib/gcc/arm-none-eabi/5.4.1/../../../arm-none-eabi/lib/armv7e-m/softfp/crt0.o (exit)
/usr/lib/gcc/arm-none-eabi/5.4.1/../../../arm-none-eabi/lib/armv7e-m/softfp/libg_nano.a(lib_a-fini.o)
                              /usr/lib/gcc/arm-none-eabi/5.4.1/../../../arm-none-eabi/lib/armv7e-m/softfp/crt0.o (__libc_fini_array)
/usr/lib/gcc/arm-none-eabi/5.4.1/../../../arm-none-eabi/lib/armv7e-m/softfp/libg_nano.a(lib_a-impure.o)
                              /usr/lib/gcc/arm-none-eabi/5.4.1/../../../arm-none-eabi/lib/armv7e-m/softfp/libg_nano.a(lib_a-exit.o) (_global_impure_ptr)
/usr/lib/gcc/arm-none-eabi/5.4.1/../../../arm-none-eabi/lib/armv7e-m/softfp/libg_nano.a(lib_a-init.o)
                              /usr/lib/gcc/arm-none-eabi/5.4.1/../../../arm-none-eabi/lib/armv7e-m/softfp/crt0.o (__libc_init_array)
/usr/lib/gcc/arm-none-eabi/5.4.1/../../../arm-none-eabi/lib/armv7e-m/softfp/libg_nano.a(lib_a-memcpy.o)
                              CMakeFiles/ping-pong.dir/STM32L476/main.c.o (memcpy)
/usr/lib/gcc/arm-none-eabi/5.4.1/../../../arm-none-eabi/lib/armv7e-m/softfp/libg_nano.a(lib_a-memset.o)
                              /usr/lib/gcc/arm-none-eabi/5.4.1/../../../arm-none-eabi/lib/armv7e-m/softfp/crt0.o (memset)
/usr/lib/gcc/arm-none-eabi/5.4.1/../../../arm-none-eabi/lib/armv7e-m/softfp/libg_nano.a(lib_a-snprintf.o)
                              CMakeFiles/ping-pong.dir/STM32L476/main.c.o (snprintf)
/usr/lib/gcc/arm-none-eabi/5.4.1/../../../arm-none-eabi/lib/armv7e-m/softfp/libg_nano.a(lib_a-strlen.o)
                              CMakeFiles/ping-pong.dir/STM32L476/logging.c.o (strlen)
/usr/lib/gcc/arm-none-eabi/5.4.1/../../../arm-none-eabi/lib/armv7e-m/softfp/libg_nano.a(lib_a-strncmp.o)
                              CMakeFiles/ping-pong.dir/STM32L476/main.c.o (strncmp)
/usr/lib/gcc/arm-none-eabi/5.4.1/../../../arm-none-eabi/lib/armv7e-m/softfp/libg_nano.a(lib_a-strtol.o)
                              /usr/lib/gcc/arm-none-eabi/5.4.1/../../../arm-none-eabi/lib/armv7e-m/softfp/libg_nano.a(lib_a-atoi.o) (_strtol_r)
/usr/lib/gcc/arm-none-eabi/5.4.1/../../../arm-none-eabi/lib/armv7e-m/softfp/libg_nano.a(lib_a-vsnprintf.o)
[...]
Memory Configuration

Name             Origin             Length             Attributes
FLASH            0x0000000008000000 0x0000000000100000 xr
RAM              0x0000000020000000 0x0000000000018000 xrw
*default*        0x0000000000000000 0xffffffffffffffff

Linker script and memory map

LOAD /usr/lib/gcc/arm-none-eabi/5.4.1/armv7e-m/softfp/crti.o
LOAD /usr/lib/gcc/arm-none-eabi/5.4.1/armv7e-m/softfp/crtbegin.o
LOAD /usr/lib/gcc/arm-none-eabi/5.4.1/../../../arm-none-eabi/lib/armv7e-m/softfp/crt0.o
LOAD CMakeFiles/ping-pong.dir/STM32L476/logging.c.o
LOAD CMakeFiles/ping-pong.dir/STM32L476/main.c.o
LOAD ../../system/CMakeFiles/system.dir/adc.c.o
LOAD ../../system/CMakeFiles/system.dir/delay.c.o
LOAD ../../system/CMakeFiles/system.dir/eeprom.c.o
LOAD ../../system/CMakeFiles/system.dir/fifo.c.o
LOAD ../../system/CMakeFiles/system.dir/gpio.c.o
LOAD ../../system/CMakeFiles/system.dir/gps.c.o
LOAD ../../system/CMakeFiles/system.dir/i2c.c.o
LOAD ../../system/CMakeFiles/system.dir/lcd.c.o
LOAD ../../system/CMakeFiles/system.dir/timer.c.o
LOAD ../../system/CMakeFiles/system.dir/uart.c.o
LOAD ../../system/CMakeFiles/system.dir/crypto/aes.c.o
LOAD ../../system/CMakeFiles/system.dir/crypto/cmac.c.o
LOAD ../../radio/CMakeFiles/radio.dir/sx1276/sx1276.c.o
LOAD ../../peripherals/CMakeFiles/peripherals.dir/gpio-ioe.c.o
LOAD ../../peripherals/CMakeFiles/peripherals.dir/mag3110.c.o
LOAD ../../peripherals/CMakeFiles/peripherals.dir/mma8451.c.o
LOAD ../../peripherals/CMakeFiles/peripherals.dir/mpl3115.c.o
LOAD ../../peripherals/CMakeFiles/peripherals.dir/pam7q.c.o
LOAD ../../peripherals/CMakeFiles/peripherals.dir/sx1509.c.o
LOAD ../../peripherals/CMakeFiles/peripherals.dir/sx9500.c.o
LOAD ../../boards/STM32L476/CMakeFiles/STM32L476.dir/board.c.o
LOAD ../../boards/STM32L476/CMakeFiles/STM32L476.dir/gpio-board.c.o
LOAD ../../boards/STM32L476/CMakeFiles/STM32L476.dir/rtc-board.c.o
LOAD ../../boards/STM32L476/CMakeFiles/STM32L476.dir/spi-board.c.o
LOAD ../../boards/STM32L476/CMakeFiles/STM32L476.dir/i2c-board.c.o
LOAD ../../boards/STM32L476/CMakeFiles/STM32L476.dir/lcd-board.c.o
LOAD ../../boards/STM32L476/CMakeFiles/STM32L476.dir/sx1276-board.c.o
LOAD ../../boards/STM32L476/CMakeFiles/STM32L476.dir/uart-board.c.o
LOAD ../../boards/STM32L476/CMakeFiles/STM32L476.dir/delay-board.c.o
LOAD ../../boards/STM32L476/CMakeFiles/STM32L476.dir/__/mcu/stm32/sysIrqHandlers.c.o
LOAD ../../boards/STM32L476/CMakeFiles/STM32L476.dir/__/mcu/utilities.c.o
LOAD ../../boards/STM32L476/CMakeFiles/STM32L476.dir/cmsis/arm-gcc/startup_stm32l476xx.s.o
LOAD ../../boards/STM32L476/CMakeFiles/STM32L476.dir/cmsis/system_stm32l4xx.c.o
LOAD ../../boards/STM32L476/CMakeFiles/STM32L476.dir/cmsis/STM32L476G-Discovery/stm32l476g_discovery.c.o
LOAD ../../boards/STM32L476/CMakeFiles/STM32L476.dir/cmsis/STM32L476G-Discovery/stm32l476g_discovery_glass_lcd.c.o
LOAD ../../boards/STM32L476/CMakeFiles/STM32L476.dir/__/mcu/stm32/STM32L4xx_HAL_Driver/Src/stm32l4xx_hal.c.o
LOAD ../../boards/STM32L476/CMakeFiles/STM32L476.dir/__/mcu/stm32/STM32L4xx_HAL_Driver/Src/stm32l4xx_hal_adc.c.o
LOAD ../../boards/STM32L476/CMakeFiles/STM32L476.dir/__/mcu/stm32/STM32L4xx_HAL_Driver/Src/stm32l4xx_hal_adc_ex.c.o
LOAD ../../boards/STM32L476/CMakeFiles/STM32L476.dir/__/mcu/stm32/STM32L4xx_HAL_Driver/Src/stm32l4xx_hal_cortex.c.o
LOAD ../../boards/STM32L476/CMakeFiles/STM32L476.dir/__/mcu/stm32/STM32L4xx_HAL_Driver/Src/stm32l4xx_hal_dma.c.o
LOAD ../../boards/STM32L476/CMakeFiles/STM32L476.dir/__/mcu/stm32/STM32L4xx_HAL_Driver/Src/stm32l4xx_hal_flash.c.o
LOAD ../../boards/STM32L476/CMakeFiles/STM32L476.dir/__/mcu/stm32/STM32L4xx_HAL_Driver/Src/stm32l4xx_hal_flash_ex.c.o
LOAD ../../boards/STM32L476/CMakeFiles/STM32L476.dir/__/mcu/stm32/STM32L4xx_HAL_Driver/Src/stm32l4xx_hal_flash_ramfunc.c.o
LOAD ../../boards/STM32L476/CMakeFiles/STM32L476.dir/__/mcu/stm32/STM32L4xx_HAL_Driver/Src/stm32l4xx_hal_gpio.c.o
LOAD ../../boards/STM32L476/CMakeFiles/STM32L476.dir/__/mcu/stm32/STM32L4xx_HAL_Driver/Src/stm32l4xx_hal_i2c.c.o
LOAD ../../boards/STM32L476/CMakeFiles/STM32L476.dir/__/mcu/stm32/STM32L4xx_HAL_Driver/Src/stm32l4xx_hal_pcd.c.o
LOAD ../../boards/STM32L476/CMakeFiles/STM32L476.dir/__/mcu/stm32/STM32L4xx_HAL_Driver/Src/stm32l4xx_hal_pcd_ex.c.o
LOAD ../../boards/STM32L476/CMakeFiles/STM32L476.dir/__/mcu/stm32/STM32L4xx_HAL_Driver/Src/stm32l4xx_hal_pwr.c.o
LOAD ../../boards/STM32L476/CMakeFiles/STM32L476.dir/__/mcu/stm32/STM32L4xx_HAL_Driver/Src/stm32l4xx_hal_pwr_ex.c.o
LOAD ../../boards/STM32L476/CMakeFiles/STM32L476.dir/__/mcu/stm32/STM32L4xx_HAL_Driver/Src/stm32l4xx_hal_rcc.c.o
LOAD ../../boards/STM32L476/CMakeFiles/STM32L476.dir/__/mcu/stm32/STM32L4xx_HAL_Driver/Src/stm32l4xx_hal_rcc_ex.c.o
LOAD ../../boards/STM32L476/CMakeFiles/STM32L476.dir/__/mcu/stm32/STM32L4xx_HAL_Driver/Src/stm32l4xx_hal_rtc.c.o
LOAD ../../boards/STM32L476/CMakeFiles/STM32L476.dir/__/mcu/stm32/STM32L4xx_HAL_Driver/Src/stm32l4xx_hal_rtc_ex.c.o
LOAD ../../boards/STM32L476/CMakeFiles/STM32L476.dir/__/mcu/stm32/STM32L4xx_HAL_Driver/Src/stm32l4xx_hal_spi.c.o
LOAD ../../boards/STM32L476/CMakeFiles/STM32L476.dir/__/mcu/stm32/STM32L4xx_HAL_Driver/Src/stm32l4xx_hal_spi_ex.c.o
LOAD ../../boards/STM32L476/CMakeFiles/STM32L476.dir/__/mcu/stm32/STM32L4xx_HAL_Driver/Src/stm32l4xx_hal_uart.c.o
LOAD ../../boards/STM32L476/CMakeFiles/STM32L476.dir/__/mcu/stm32/STM32L4xx_HAL_Driver/Src/stm32l4xx_hal_uart_ex.c.o
LOAD ../../boards/STM32L476/CMakeFiles/STM32L476.dir/__/mcu/stm32/STM32L4xx_HAL_Driver/Src/stm32l4xx_hal_lcd.c.o
LOAD /usr/lib/gcc/arm-none-eabi/5.4.1/../../../arm-none-eabi/lib/armv7e-m/softfp/libm.a
START GROUP
LOAD /usr/lib/gcc/arm-none-eabi/5.4.1/armv7e-m/softfp/libgcc.a
LOAD /usr/lib/gcc/arm-none-eabi/5.4.1/../../../arm-none-eabi/lib/armv7e-m/softfp/libg_nano.a
LOAD /usr/lib/gcc/arm-none-eabi/5.4.1/../../../arm-none-eabi/lib/armv7e-m/softfp/libc_nano.a
END GROUP
START GROUP
LOAD /usr/lib/gcc/arm-none-eabi/5.4.1/armv7e-m/softfp/libgcc.a
LOAD /usr/lib/gcc/arm-none-eabi/5.4.1/../../../arm-none-eabi/lib/armv7e-m/softfp/libc_nano.a
LOAD /usr/lib/gcc/arm-none-eabi/5.4.1/../../../arm-none-eabi/lib/armv7e-m/softfp/libnosys.a
END GROUP
START GROUP
LOAD /usr/lib/gcc/arm-none-eabi/5.4.1/armv7e-m/softfp/libgcc.a
LOAD /usr/lib/gcc/arm-none-eabi/5.4.1/../../../arm-none-eabi/lib/armv7e-m/softfp/libc_nano.a
LOAD /usr/lib/gcc/arm-none-eabi/5.4.1/../../../arm-none-eabi/lib/armv7e-m/softfp/libnosys.a
END GROUP
LOAD /usr/lib/gcc/arm-none-eabi/5.4.1/armv7e-m/softfp/crtend.o
LOAD /usr/lib/gcc/arm-none-eabi/5.4.1/armv7e-m/softfp/crtn.o
                0x0000000020018000                _estack = 0x20018000
                0x0000000000000200                _Min_Heap_Size = 0x200
                0x0000000000000400                _Min_Stack_Size = 0x400

.isr_vector     0x0000000008000000      0x188
                0x0000000008000000                . = ALIGN (0x8)
 *(.isr_vector)
 .isr_vector    0x0000000008000000      0x188 ../../boards/STM32L476/CMakeFiles/STM32L476.dir/cmsis/arm-gcc/startup_stm32l476xx.s.o
                0x0000000008000000                g_pfnVectors
                0x0000000008000188                . = ALIGN (0x8)

.text           0x00000000080001c0     0xad78
                0x00000000080001c0                . = ALIGN (0x8)
 *(.text)
 .text          0x00000000080001c0       0xa4 /usr/lib/gcc/arm-none-eabi/5.4.1/armv7e-m/softfp/crtbegin.o
 *fill*         0x0000000008000264        0x4 
 .text          0x0000000008000268      0x110 /usr/lib/gcc/arm-none-eabi/5.4.1/../../../arm-none-eabi/lib/armv7e-m/softfp/libm.a(lib_a-s_ceil.o)
                0x0000000008000268                ceil
 .text          0x0000000008000378      0x110 /usr/lib/gcc/arm-none-eabi/5.4.1/../../../arm-none-eabi/lib/armv7e-m/softfp/libm.a(lib_a-s_floor.o)
                0x0000000008000378                floor
 .text          0x0000000008000488       0x9c /usr/lib/gcc/arm-none-eabi/5.4.1/../../../arm-none-eabi/lib/armv7e-m/softfp/libm.a(lib_a-s_round.o)
                0x0000000008000488                round
 .text          0x0000000008000524      0x370 /usr/lib/gcc/arm-none-eabi/5.4.1/armv7e-m/softfp/libgcc.a(_arm_addsubdf3.o)
                0x0000000008000524                __aeabi_drsub
                0x000000000800052c                __aeabi_dsub
                0x000000000800052c                __subdf3
                0x0000000008000530                __adddf3
                0x0000000008000530                __aeabi_dadd
                0x00000000080007a8                __aeabi_ui2d
                0x00000000080007a8                __floatunsidf
                0x00000000080007c8                __floatsidf
                0x00000000080007c8                __aeabi_i2d
                0x00000000080007ec                __extendsfdf2
                0x00000000080007ec                __aeabi_f2d
                0x0000000008000828                __aeabi_ul2d
                0x0000000008000828                __floatundidf
                0x0000000008000838                __floatdidf
                0x0000000008000838                __aeabi_l2d
 .text          0x0000000008000894      0x424 /usr/lib/gcc/arm-none-eabi/5.4.1/armv7e-m/softfp/libgcc.a(_arm_muldivdf3.o)
                0x0000000008000894                __aeabi_dmul
                0x0000000008000894                __muldf3
                0x0000000008000ae8                __aeabi_ddiv
                0x0000000008000ae8                __divdf3
 .text          0x0000000008000cb8      0x110 /usr/lib/gcc/arm-none-eabi/5.4.1/armv7e-m/softfp/libgcc.a(_arm_cmpdf2.o)
                0x0000000008000cb8                __gtdf2
                0x0000000008000cb8                __gedf2
                0x0000000008000cc0                __ltdf2
                0x0000000008000cc0                __ledf2
                0x0000000008000cc8                __cmpdf2
                0x0000000008000cc8                __eqdf2
                0x0000000008000cc8                __nedf2
                0x0000000008000d44                __aeabi_cdrcmple
                0x0000000008000d54                __aeabi_cdcmple
                0x0000000008000d54                __aeabi_cdcmpeq
                0x0000000008000d64                __aeabi_dcmpeq
                0x0000000008000d78                __aeabi_dcmplt
                0x0000000008000d8c                __aeabi_dcmple
                0x0000000008000da0                __aeabi_dcmpge
                0x0000000008000db4                __aeabi_dcmpgt
 .text          0x0000000008000dc8       0x50 /usr/lib/gcc/arm-none-eabi/5.4.1/armv7e-m/softfp/libgcc.a(_arm_fixdfsi.o)
                0x0000000008000dc8                __fixdfsi
                0x0000000008000dc8                __aeabi_d2iz
 .text          0x0000000008000e18       0x40 /usr/lib/gcc/arm-none-eabi/5.4.1/armv7e-m/softfp/libgcc.a(_arm_fixunsdfsi.o)
                0x0000000008000e18                __fixunsdfsi
                0x0000000008000e18                __aeabi_d2uiz
 .text          0x0000000008000e58       0x30 /usr/lib/gcc/arm-none-eabi/5.4.1/armv7e-m/softfp/libgcc.a(_aeabi_uldivmod.o)
                0x0000000008000e58                __aeabi_uldivmod
 .text          0x0000000008000e88      0x2e4 /usr/lib/gcc/arm-none-eabi/5.4.1/armv7e-m/softfp/libgcc.a(_udivmoddi4.o)
                0x0000000008000e88                __udivmoddi4
 .text          0x000000000800116c        0x4 /usr/lib/gcc/arm-none-eabi/5.4.1/armv7e-m/softfp/libgcc.a(_dvmd_tls.o)
                0x000000000800116c                __aeabi_ldiv0
                0x000000000800116c                __aeabi_idiv0
 .text          0x0000000008001170       0x50 /usr/lib/gcc/arm-none-eabi/5.4.1/../../../arm-none-eabi/lib/armv7e-m/softfp/libg_nano.a(lib_a-init.o)
                0x0000000008001170                __libc_init_array
 .text          0x00000000080011c0      0x134 /usr/lib/gcc/arm-none-eabi/5.4.1/../../../arm-none-eabi/lib/armv7e-m/softfp/libg_nano.a(lib_a-memcpy.o)
                0x00000000080011c0                memcpy
 .text          0x00000000080012f4       0x9c /usr/lib/gcc/arm-none-eabi/5.4.1/../../../arm-none-eabi/lib/armv7e-m/softfp/libg_nano.a(lib_a-memset.o)
                0x00000000080012f4                memset
 .text          0x0000000008001390      0x12c /usr/lib/gcc/arm-none-eabi/5.4.1/../../../arm-none-eabi/lib/armv7e-m/softfp/libg_nano.a(lib_a-snprintf.o)
                0x0000000008001390                _sniprintf_r
                0x0000000008001390                _snprintf_r
                0x0000000008001420                snprintf
                0x0000000008001420                sniprintf
 *fill*         0x00000000080014bc        0x4 
 .text          0x00000000080014c0       0xdc /usr/lib/gcc/arm-none-eabi/5.4.1/../../../arm-none-eabi/lib/armv7e-m/softfp/libg_nano.a(lib_a-strlen.o)
                0x00000000080014c0                strlen
 .text          0x000000000800159c       0xa0 /usr/lib/gcc/arm-none-eabi/5.4.1/../../../arm-none-eabi/lib/armv7e-m/softfp/libg_nano.a(lib_a-strncmp.o)
                0x000000000800159c                strncmp
 .text          0x000000000800163c       0x94 /usr/lib/gcc/arm-none-eabi/5.4.1/../../../arm-none-eabi/lib/armv7e-m/softfp/libg_nano.a(lib_a-vsnprintf.o)
                0x000000000800163c                _vsnprintf_r
                0x000000000800163c                _vsniprintf_r
                0x00000000080016b0                vsnprintf
                0x00000000080016b0                vsniprintf
 .text          0x00000000080016d0      0x3f8 /usr/lib/gcc/arm-none-eabi/5.4.1/../../../arm-none-eabi/lib/armv7e-m/softfp/libg_nano.a(lib_a-nano-svfprintf.o)
                0x00000000080016d0                __ssputs_r
                0x000000000800179c                __ssprint_r
                0x000000000800189c                _svfprintf_r
                0x000000000800189c                _svfiprintf_r
 .text          0x0000000008001ac8      0x3d8 /usr/lib/gcc/arm-none-eabi/5.4.1/../../../arm-none-eabi/lib/armv7e-m/softfp/libg_nano.a(lib_a-nano-vfprintf_i.o)
                0x0000000008001ac8                _printf_common
                0x0000000008001bf8                _printf_i
 .text          0x0000000008001ea0       0xa0 /usr/lib/gcc/arm-none-eabi/5.4.1/../../../arm-none-eabi/lib/armv7e-m/softfp/libg_nano.a(lib_a-memchr.o)
                0x0000000008001ea0                memchr
 .text          0x0000000008001f40       0xc8 /usr/lib/gcc/arm-none-eabi/5.4.1/../../../arm-none-eabi/lib/armv7e-m/softfp/libg_nano.a(lib_a-memmove.o)
                0x0000000008001f40                memmove
 .text          0x0000000008002008       0x8c /usr/lib/gcc/arm-none-eabi/5.4.1/../../../arm-none-eabi/lib/armv7e-m/softfp/libg_nano.a(lib_a-nano-freer.o)
                0x0000000008002008                _free_r
 .text          0x0000000008002094       0xbc /usr/lib/gcc/arm-none-eabi/5.4.1/../../../arm-none-eabi/lib/armv7e-m/softfp/libg_nano.a(lib_a-nano-mallocr.o)
                0x0000000008002094                _malloc_r
 .text          0x0000000008002150       0x48 /usr/lib/gcc/arm-none-eabi/5.4.1/../../../arm-none-eabi/lib/armv7e-m/softfp/libg_nano.a(lib_a-nano-reallocr.o)
                0x0000000008002150                _realloc_r
 .text          0x0000000008002198       0x24 /usr/lib/gcc/arm-none-eabi/5.4.1/../../../arm-none-eabi/lib/armv7e-m/softfp/libg_nano.a(lib_a-sbrkr.o)
                0x0000000008002198                _sbrk_r
 .text          0x00000000080021bc       0x14 /usr/lib/gcc/arm-none-eabi/5.4.1/../../../arm-none-eabi/lib/armv7e-m/softfp/libg_nano.a(lib_a-nano-msizer.o)
                0x00000000080021bc                _malloc_usable_size_r
 .text          0x00000000080021d0       0x1c /usr/lib/gcc/arm-none-eabi/5.4.1/../../../arm-none-eabi/lib/armv7e-m/softfp/libnosys.a(sbrk.o)
                0x00000000080021d0                _sbrk
 *(.text*)
 .text.Log      0x00000000080021ec       0x34 CMakeFiles/ping-pong.dir/STM32L476/logging.c.o
                0x00000000080021ec                Log
 .text.OnTxTimeout
                0x0000000008002220       0x28 CMakeFiles/ping-pong.dir/STM32L476/main.c.o
                0x0000000008002220                OnTxTimeout
 .text.OnRxTimeout
                0x0000000008002248       0x28 CMakeFiles/ping-pong.dir/STM32L476/main.c.o
                0x0000000008002248                OnRxTimeout
 .text.OnRxError
                0x0000000008002270       0x28 CMakeFiles/ping-pong.dir/STM32L476/main.c.o
                0x0000000008002270                OnRxError
 .text.OnCadDone
                0x0000000008002298       0x34 CMakeFiles/ping-pong.dir/STM32L476/main.c.o
                0x0000000008002298                OnCadDone
 .text.OnTxDone
                0x00000000080022cc       0x58 CMakeFiles/ping-pong.dir/STM32L476/main.c.o
                0x00000000080022cc                OnTxDone
 .text.OnRxDone
                0x0000000008002324       0x88 CMakeFiles/ping-pong.dir/STM32L476/main.c.o
                0x0000000008002324                OnRxDone
 .text.main     0x00000000080023ac      0x2f4 CMakeFiles/ping-pong.dir/STM32L476/main.c.o
                0x00000000080023ac                main
 .text.DelayMs  0x00000000080026a0        0x8 ../../system/CMakeFiles/system.dir/delay.c.o
                0x00000000080026a0                DelayMs
 .text.FifoNext
                0x00000000080026a8       0x10 ../../system/CMakeFiles/system.dir/fifo.c.o
 .text.FifoPush
                0x00000000080026b8       0x14 ../../system/CMakeFiles/system.dir/fifo.c.o
                0x00000000080026b8                FifoPush
 .text.FifoPop  0x00000000080026cc       0x14 ../../system/CMakeFiles/system.dir/fifo.c.o
                0x00000000080026cc                FifoPop
 .text.IsFifoEmpty
                0x00000000080026e0       0x10 ../../system/CMakeFiles/system.dir/fifo.c.o
                0x00000000080026e0                IsFifoEmpty
 .text.IsFifoFull
                0x00000000080026f0       0x18 ../../system/CMakeFiles/system.dir/fifo.c.o
                0x00000000080026f0                IsFifoFull
 .text.GpioInit
                0x0000000008002708       0x18 ../../system/CMakeFiles/system.dir/gpio.c.o
                0x0000000008002708                GpioInit
 .text.GpioSetInterrupt
                0x0000000008002720        0x8 ../../system/CMakeFiles/system.dir/gpio.c.o
                0x0000000008002720                GpioSetInterrupt
 .text.GpioWrite
                0x0000000008002728        0x8 ../../system/CMakeFiles/system.dir/gpio.c.o
                0x0000000008002728                GpioWrite
 .text.GpioRead
                0x0000000008002730        0x8 ../../system/CMakeFiles/system.dir/gpio.c.o
                0x0000000008002730                GpioRead
 .text.I2cInit  0x0000000008002738       0x38 ../../system/CMakeFiles/system.dir/i2c.c.o
                0x0000000008002738                I2cInit
 .text.I2cWriteBuffer
                0x0000000008002770       0x4c ../../system/CMakeFiles/system.dir/i2c.c.o
                0x0000000008002770                I2cWriteBuffer
 .text.I2cReadBuffer
                0x00000000080027bc       0x20 ../../system/CMakeFiles/system.dir/i2c.c.o
                0x00000000080027bc                I2cReadBuffer
 .text.LcdInit  0x00000000080027dc        0x8 ../../system/CMakeFiles/system.dir/lcd.c.o
                0x00000000080027dc                LcdInit
 .text.LcdClear
                0x00000000080027e4        0x8 ../../system/CMakeFiles/system.dir/lcd.c.o
                0x00000000080027e4                LcdClear
 .text.LcdWriteString
                0x00000000080027ec        0x8 ../../system/CMakeFiles/system.dir/lcd.c.o
                0x00000000080027ec                LcdWriteString
 .text.TimerInsertTimer
                0x00000000080027f4       0x5c ../../system/CMakeFiles/system.dir/timer.c.o
 .text.TimerExists
                0x0000000008002850       0x1c ../../system/CMakeFiles/system.dir/timer.c.o
 .text.TimerSetTimeout
                0x000000000800286c       0x1c ../../system/CMakeFiles/system.dir/timer.c.o
 .text.TimerInsertNewHeadTimer
                0x0000000008002888       0x28 ../../system/CMakeFiles/system.dir/timer.c.o
 .text.TimerInit
                0x00000000080028b0       0x10 ../../system/CMakeFiles/system.dir/timer.c.o
                0x00000000080028b0                TimerInit
 .text.TimerGetValue
                0x00000000080028c0        0x8 ../../system/CMakeFiles/system.dir/timer.c.o
                0x00000000080028c0                TimerGetValue
 .text.TimerStart
                0x00000000080028c8       0x68 ../../system/CMakeFiles/system.dir/timer.c.o
                0x00000000080028c8                TimerStart
 .text.TimerIrqHandler
                0x0000000008002930       0x54 ../../system/CMakeFiles/system.dir/timer.c.o
                0x0000000008002930                TimerIrqHandler
 .text.TimerStop
                0x0000000008002984       0xa0 ../../system/CMakeFiles/system.dir/timer.c.o
                0x0000000008002984                TimerStop
 .text.TimerSetValue
                0x0000000008002a24       0x10 ../../system/CMakeFiles/system.dir/timer.c.o
                0x0000000008002a24                TimerSetValue
 .text.TimerGetCurrentTime
                0x0000000008002a34        0x8 ../../system/CMakeFiles/system.dir/timer.c.o
                0x0000000008002a34                TimerGetCurrentTime
 .text.TimerGetElapsedTime
                0x0000000008002a3c        0x8 ../../system/CMakeFiles/system.dir/timer.c.o
                0x0000000008002a3c                TimerGetElapsedTime
 .text.UartInit
                0x0000000008002a44       0x10 ../../system/CMakeFiles/system.dir/uart.c.o
                0x0000000008002a44                UartInit
 .text.UartConfig
                0x0000000008002a54       0x20 ../../system/CMakeFiles/system.dir/uart.c.o
                0x0000000008002a54                UartConfig
 .text.UartPutBuffer
                0x0000000008002a74        0x8 ../../system/CMakeFiles/system.dir/uart.c.o
                0x0000000008002a74                UartPutBuffer
 .text.GetFskBandwidthRegValue
                0x0000000008002a7c       0x3c ../../radio/CMakeFiles/radio.dir/sx1276/sx1276.c.o
 .text.SX1276OnDio4Irq
                0x0000000008002ab8       0x20 ../../radio/CMakeFiles/radio.dir/sx1276/sx1276.c.o
                0x0000000008002ab8                SX1276OnDio4Irq
 .text.SX1276GetStatus
                0x0000000008002ad8        0xc ../../radio/CMakeFiles/radio.dir/sx1276/sx1276.c.o
                0x0000000008002ad8                SX1276GetStatus
 .text.SX1276WriteBuffer
                0x0000000008002ae4       0x44 ../../radio/CMakeFiles/radio.dir/sx1276/sx1276.c.o
                0x0000000008002ae4                SX1276WriteBuffer
 .text.SX1276Write
                0x0000000008002b28       0x18 ../../radio/CMakeFiles/radio.dir/sx1276/sx1276.c.o
                0x0000000008002b28                SX1276Write
 .text.SX1276SetChannel
                0x0000000008002b40       0x4c ../../radio/CMakeFiles/radio.dir/sx1276/sx1276.c.o
                0x0000000008002b40                SX1276SetChannel
 .text.SX1276ReadBuffer
                0x0000000008002b8c       0x48 ../../radio/CMakeFiles/radio.dir/sx1276/sx1276.c.o
                0x0000000008002b8c                SX1276ReadBuffer
 .text.SX1276Read
                0x0000000008002bd4       0x18 ../../radio/CMakeFiles/radio.dir/sx1276/sx1276.c.o
                0x0000000008002bd4                SX1276Read
 *fill*         0x0000000008002bec        0x4 
 .text.RxChainCalibration
                0x0000000008002bf0       0xa4 ../../radio/CMakeFiles/radio.dir/sx1276/sx1276.c.o
 *fill*         0x0000000008002c94        0x4 
 .text.SX1276GetTimeOnAir
                0x0000000008002c98      0x244 ../../radio/CMakeFiles/radio.dir/sx1276/sx1276.c.o
                0x0000000008002c98                SX1276GetTimeOnAir
 .text.SX1276ReadRssi
                0x0000000008002edc       0x4c ../../radio/CMakeFiles/radio.dir/sx1276/sx1276.c.o
                0x0000000008002edc                SX1276ReadRssi
 .text.SX1276SetOpMode
                0x0000000008002f28       0x34 ../../radio/CMakeFiles/radio.dir/sx1276/sx1276.c.o
                0x0000000008002f28                SX1276SetOpMode
 .text.SX1276SetSleep
                0x0000000008002f5c       0x2c ../../radio/CMakeFiles/radio.dir/sx1276/sx1276.c.o
                0x0000000008002f5c                SX1276SetSleep
 .text.SX1276SetStby
                0x0000000008002f88       0x2c ../../radio/CMakeFiles/radio.dir/sx1276/sx1276.c.o
                0x0000000008002f88                SX1276SetStby
 .text.SX1276SetRx
                0x0000000008002fb4      0x274 ../../radio/CMakeFiles/radio.dir/sx1276/sx1276.c.o
                0x0000000008002fb4                SX1276SetRx
 .text.SX1276SetTx
                0x0000000008003228       0xb0 ../../radio/CMakeFiles/radio.dir/sx1276/sx1276.c.o
                0x0000000008003228                SX1276SetTx
 .text.SX1276StartCad
                0x00000000080032d8       0x38 ../../radio/CMakeFiles/radio.dir/sx1276/sx1276.c.o
                0x00000000080032d8                SX1276StartCad
 .text.SX1276SetModem
                0x0000000008003310       0x88 ../../radio/CMakeFiles/radio.dir/sx1276/sx1276.c.o
                0x0000000008003310                SX1276SetModem
 .text.SX1276Init
                0x0000000008003398       0x88 ../../radio/CMakeFiles/radio.dir/sx1276/sx1276.c.o
                0x0000000008003398                SX1276Init
 .text.SX1276IsChannelFree
                0x0000000008003420       0x4c ../../radio/CMakeFiles/radio.dir/sx1276/sx1276.c.o
                0x0000000008003420                SX1276IsChannelFree
 .text.SX1276Random
                0x000000000800346c       0x40 ../../radio/CMakeFiles/radio.dir/sx1276/sx1276.c.o
                0x000000000800346c                SX1276Random
 *fill*         0x00000000080034ac        0x4 
 .text.SX1276SetRxConfig
                0x00000000080034b0      0x300 ../../radio/CMakeFiles/radio.dir/sx1276/sx1276.c.o
                0x00000000080034b0                SX1276SetRxConfig
 .text.SX1276SetTxConfig
                0x00000000080037b0      0x264 ../../radio/CMakeFiles/radio.dir/sx1276/sx1276.c.o
                0x00000000080037b0                SX1276SetTxConfig
 .text.SX1276SetTxContinuousWave
                0x0000000008003a14       0x80 ../../radio/CMakeFiles/radio.dir/sx1276/sx1276.c.o
                0x0000000008003a14                SX1276SetTxContinuousWave
 *fill*         0x0000000008003a94        0x4 
 .text.SX1276OnDio2Irq
                0x0000000008003a98       0xfc ../../radio/CMakeFiles/radio.dir/sx1276/sx1276.c.o
                0x0000000008003a98                SX1276OnDio2Irq
 .text.SX1276OnDio3Irq
                0x0000000008003b94       0x50 ../../radio/CMakeFiles/radio.dir/sx1276/sx1276.c.o
                0x0000000008003b94                SX1276OnDio3Irq
 .text.SX1276WriteFifo
                0x0000000008003be4       0x10 ../../radio/CMakeFiles/radio.dir/sx1276/sx1276.c.o
                0x0000000008003be4                SX1276WriteFifo
 .text.SX1276Send
                0x0000000008003bf4      0x120 ../../radio/CMakeFiles/radio.dir/sx1276/sx1276.c.o
                0x0000000008003bf4                SX1276Send
 .text.SX1276ReadFifo
                0x0000000008003d14       0x10 ../../radio/CMakeFiles/radio.dir/sx1276/sx1276.c.o
                0x0000000008003d14                SX1276ReadFifo
 .text.SX1276OnDio0Irq
                0x0000000008003d24      0x2f0 ../../radio/CMakeFiles/radio.dir/sx1276/sx1276.c.o
                0x0000000008003d24                SX1276OnDio0Irq
 .text.SX1276OnDio1Irq
                0x0000000008004014      0x11c ../../radio/CMakeFiles/radio.dir/sx1276/sx1276.c.o
                0x0000000008004014                SX1276OnDio1Irq
 .text.SX1276SetMaxPayloadLength
                0x0000000008004130       0x34 ../../radio/CMakeFiles/radio.dir/sx1276/sx1276.c.o
                0x0000000008004130                SX1276SetMaxPayloadLength
 .text.SX1276SetPublicNetwork
                0x0000000008004164       0x2c ../../radio/CMakeFiles/radio.dir/sx1276/sx1276.c.o
                0x0000000008004164                SX1276SetPublicNetwork
 .text.SX1276OnTimeoutIrq
                0x0000000008004190       0xdc ../../radio/CMakeFiles/radio.dir/sx1276/sx1276.c.o
                0x0000000008004190                SX1276OnTimeoutIrq
 .text.SX1276GetWakeupTime
                0x000000000800426c        0xc ../../radio/CMakeFiles/radio.dir/sx1276/sx1276.c.o
                0x000000000800426c                SX1276GetWakeupTime
 .text.GpioIoeInit
                0x0000000008004278      0x140 ../../peripherals/CMakeFiles/peripherals.dir/gpio-ioe.c.o
                0x0000000008004278                GpioIoeInit
 .text.GpioIoeSetInterrupt
                0x00000000080043b8      0x124 ../../peripherals/CMakeFiles/peripherals.dir/gpio-ioe.c.o
                0x00000000080043b8                GpioIoeSetInterrupt
 .text.GpioIoeWrite
                0x00000000080044dc       0x68 ../../peripherals/CMakeFiles/peripherals.dir/gpio-ioe.c.o
                0x00000000080044dc                GpioIoeWrite
 .text.GpioIoeRead
                0x0000000008004544       0x4c ../../peripherals/CMakeFiles/peripherals.dir/gpio-ioe.c.o
                0x0000000008004544                GpioIoeRead
 .text.SX1509WriteBuffer
                0x0000000008004590       0x28 ../../peripherals/CMakeFiles/peripherals.dir/sx1509.c.o
                0x0000000008004590                SX1509WriteBuffer
 .text.SX1509Write
                0x00000000080045b8       0x18 ../../peripherals/CMakeFiles/peripherals.dir/sx1509.c.o
                0x00000000080045b8                SX1509Write
 .text.SX1509Reset
                0x00000000080045d0       0x24 ../../peripherals/CMakeFiles/peripherals.dir/sx1509.c.o
                0x00000000080045d0                SX1509Reset
 .text.SX1509ReadBuffer
                0x00000000080045f4       0x28 ../../peripherals/CMakeFiles/peripherals.dir/sx1509.c.o
                0x00000000080045f4                SX1509ReadBuffer
 .text.SX1509Read
                0x000000000800461c        0xc ../../peripherals/CMakeFiles/peripherals.dir/sx1509.c.o
                0x000000000800461c                SX1509Read
 .text.SX1509SetDeviceAddr
                0x0000000008004628        0xc ../../peripherals/CMakeFiles/peripherals.dir/sx1509.c.o
                0x0000000008004628                SX1509SetDeviceAddr
 .text.SX1509Init
                0x0000000008004634       0x20 ../../peripherals/CMakeFiles/peripherals.dir/sx1509.c.o
                0x0000000008004634                SX1509Init
 .text.SystemClockReConfig
                0x0000000008004654       0x78 ../../boards/STM32L476/CMakeFiles/STM32L476.dir/board.c.o
 .text.BoardUnusedIoInit
                0x00000000080046cc       0x28 ../../boards/STM32L476/CMakeFiles/STM32L476.dir/board.c.o
 .text.BoardDisableIrq
                0x00000000080046f4       0x10 ../../boards/STM32L476/CMakeFiles/STM32L476.dir/board.c.o
                0x00000000080046f4                BoardDisableIrq
 .text.BoardEnableIrq
                0x0000000008004704       0x14 ../../boards/STM32L476/CMakeFiles/STM32L476.dir/board.c.o
                0x0000000008004704                BoardEnableIrq
 .text.BoardInitPeriph
                0x0000000008004718       0x4c ../../boards/STM32L476/CMakeFiles/STM32L476.dir/board.c.o
                0x0000000008004718                BoardInitPeriph
 .text.SysTick_Handler
                0x0000000008004764        0xc ../../boards/STM32L476/CMakeFiles/STM32L476.dir/board.c.o
                0x0000000008004764                SysTick_Handler
 .text.assert_failed
                0x0000000008004770       0x60 ../../boards/STM32L476/CMakeFiles/STM32L476.dir/board.c.o
                0x0000000008004770                assert_failed
 .text.SystemClockConfig
                0x00000000080047d0       0xe8 ../../boards/STM32L476/CMakeFiles/STM32L476.dir/board.c.o
 .text.BoardInitMcu
                0x00000000080048b8       0x8c ../../boards/STM32L476/CMakeFiles/STM32L476.dir/board.c.o
                0x00000000080048b8                BoardInitMcu
 .text.GpioMcuSetInterrupt
                0x0000000008004944      0x108 ../../boards/STM32L476/CMakeFiles/STM32L476.dir/gpio-board.c.o
                0x0000000008004944                GpioMcuSetInterrupt
 .text.GpioMcuWrite
                0x0000000008004a4c       0x3c ../../boards/STM32L476/CMakeFiles/STM32L476.dir/gpio-board.c.o
                0x0000000008004a4c                GpioMcuWrite
 .text.GpioMcuInit
                0x0000000008004a88      0x1c8 ../../boards/STM32L476/CMakeFiles/STM32L476.dir/gpio-board.c.o
                0x0000000008004a88                GpioMcuInit
 .text.GpioMcuRead
                0x0000000008004c50       0x3c ../../boards/STM32L476/CMakeFiles/STM32L476.dir/gpio-board.c.o
                0x0000000008004c50                GpioMcuRead
 .text.EXTI0_IRQHandler
                0x0000000008004c8c        0xc ../../boards/STM32L476/CMakeFiles/STM32L476.dir/gpio-board.c.o
                0x0000000008004c8c                EXTI0_IRQHandler
 .text.EXTI1_IRQHandler
                0x0000000008004c98        0xc ../../boards/STM32L476/CMakeFiles/STM32L476.dir/gpio-board.c.o
                0x0000000008004c98                EXTI1_IRQHandler
 .text.EXTI2_IRQHandler
                0x0000000008004ca4        0xc ../../boards/STM32L476/CMakeFiles/STM32L476.dir/gpio-board.c.o
                0x0000000008004ca4                EXTI2_IRQHandler
 .text.EXTI3_IRQHandler
                0x0000000008004cb0        0xc ../../boards/STM32L476/CMakeFiles/STM32L476.dir/gpio-board.c.o
                0x0000000008004cb0                EXTI3_IRQHandler
 .text.EXTI4_IRQHandler
                0x0000000008004cbc        0xc ../../boards/STM32L476/CMakeFiles/STM32L476.dir/gpio-board.c.o
                0x0000000008004cbc                EXTI4_IRQHandler
 .text.EXTI9_5_IRQHandler
                0x0000000008004cc8       0x28 ../../boards/STM32L476/CMakeFiles/STM32L476.dir/gpio-board.c.o
                0x0000000008004cc8                EXTI9_5_IRQHandler
 .text.EXTI15_10_IRQHandler
                0x0000000008004cf0       0x34 ../../boards/STM32L476/CMakeFiles/STM32L476.dir/gpio-board.c.o
                0x0000000008004cf0                EXTI15_10_IRQHandler
 .text.HAL_GPIO_EXTI_Callback
                0x0000000008004d24       0x28 ../../boards/STM32L476/CMakeFiles/STM32L476.dir/gpio-board.c.o
                0x0000000008004d24                HAL_GPIO_EXTI_Callback
 .text.RtcCheckCalendarRollOver
                0x0000000008004d4c       0x40 ../../boards/STM32L476/CMakeFiles/STM32L476.dir/rtc-board.c.o
 .text.RtcGetCalendar
                0x0000000008004d8c       0x4c ../../boards/STM32L476/CMakeFiles/STM32L476.dir/rtc-board.c.o
 .text.RtcComputeTimerTimeToAlarmTick
                0x0000000008004dd8      0x208 ../../boards/STM32L476/CMakeFiles/STM32L476.dir/rtc-board.c.o
 .text.RtcStartWakeUpAlarm
                0x0000000008004fe0       0xa8 ../../boards/STM32L476/CMakeFiles/STM32L476.dir/rtc-board.c.o
 .text.RtcConvertCalendarTickToTimerTime
                0x0000000008005088      0x140 ../../boards/STM32L476/CMakeFiles/STM32L476.dir/rtc-board.c.o
 .text.RtcComputeWakeUpTime
                0x00000000080051c8       0x8c ../../boards/STM32L476/CMakeFiles/STM32L476.dir/rtc-board.c.o
 .text.RtcInit  0x0000000008005254       0xc0 ../../boards/STM32L476/CMakeFiles/STM32L476.dir/rtc-board.c.o
                0x0000000008005254                RtcInit
 .text.RtcSetTimeout
                0x0000000008005314        0x8 ../../boards/STM32L476/CMakeFiles/STM32L476.dir/rtc-board.c.o
                0x0000000008005314                RtcSetTimeout
 .text.RtcGetAdjustedTimeoutValue
                0x000000000800531c       0x4c ../../boards/STM32L476/CMakeFiles/STM32L476.dir/rtc-board.c.o
                0x000000000800531c                RtcGetAdjustedTimeoutValue
 .text.RtcGetTimerValue
                0x0000000008005368        0xc ../../boards/STM32L476/CMakeFiles/STM32L476.dir/rtc-board.c.o
                0x0000000008005368                RtcGetTimerValue
 .text.RtcGetElapsedAlarmTime
                0x0000000008005374       0x24 ../../boards/STM32L476/CMakeFiles/STM32L476.dir/rtc-board.c.o
                0x0000000008005374                RtcGetElapsedAlarmTime
 .text.RtcComputeElapsedTime
                0x0000000008005398       0x20 ../../boards/STM32L476/CMakeFiles/STM32L476.dir/rtc-board.c.o
                0x0000000008005398                RtcComputeElapsedTime
 .text.RtcRecoverMcuStatus
                0x00000000080053b8       0x40 ../../boards/STM32L476/CMakeFiles/STM32L476.dir/rtc-board.c.o
                0x00000000080053b8                RtcRecoverMcuStatus
 .text.BlockLowPowerDuringTask
                0x00000000080053f8       0x14 ../../boards/STM32L476/CMakeFiles/STM32L476.dir/rtc-board.c.o
                0x00000000080053f8                BlockLowPowerDuringTask
 .text.RTC_Alarm_IRQHandler
                0x000000000800540c       0x2c ../../boards/STM32L476/CMakeFiles/STM32L476.dir/rtc-board.c.o
                0x000000000800540c                RTC_Alarm_IRQHandler
 .text.SpiFormat
                0x0000000008005438       0x9c ../../boards/STM32L476/CMakeFiles/STM32L476.dir/spi-board.c.o
                0x0000000008005438                SpiFormat
 .text.SpiFrequency
                0x00000000080054d4       0x2c ../../boards/STM32L476/CMakeFiles/STM32L476.dir/spi-board.c.o
                0x00000000080054d4                SpiFrequency
 .text.SpiInit  0x0000000008005500      0x198 ../../boards/STM32L476/CMakeFiles/STM32L476.dir/spi-board.c.o
                0x0000000008005500                SpiInit
 .text.SpiInOut
                0x0000000008005698       0x6c ../../boards/STM32L476/CMakeFiles/STM32L476.dir/spi-board.c.o
                0x0000000008005698                SpiInOut
 .text.I2cMcuInit
                0x0000000008005704       0x78 ../../boards/STM32L476/CMakeFiles/STM32L476.dir/i2c-board.c.o
                0x0000000008005704                I2cMcuInit
 .text.I2cMcuFormat
                0x000000000800577c        0x4 ../../boards/STM32L476/CMakeFiles/STM32L476.dir/i2c-board.c.o
                0x000000000800577c                I2cMcuFormat
 .text.I2cMcuWriteBuffer
                0x0000000008005780       0x38 ../../boards/STM32L476/CMakeFiles/STM32L476.dir/i2c-board.c.o
                0x0000000008005780                I2cMcuWriteBuffer
 .text.I2cMcuReadBuffer
                0x00000000080057b8       0x38 ../../boards/STM32L476/CMakeFiles/STM32L476.dir/i2c-board.c.o
                0x00000000080057b8                I2cMcuReadBuffer
 .text.McuLcdInit
                0x00000000080057f0        0x8 ../../boards/STM32L476/CMakeFiles/STM32L476.dir/lcd-board.c.o
                0x00000000080057f0                McuLcdInit
 .text.McuLcdClear
                0x00000000080057f8        0x8 ../../boards/STM32L476/CMakeFiles/STM32L476.dir/lcd-board.c.o
                0x00000000080057f8                McuLcdClear
 .text.McuLcdWriteString
                0x0000000008005800        0x8 ../../boards/STM32L476/CMakeFiles/STM32L476.dir/lcd-board.c.o
                0x0000000008005800                McuLcdWriteString
 .text.SX1276CheckRfFrequency
                0x0000000008005808        0x4 ../../boards/STM32L476/CMakeFiles/STM32L476.dir/sx1276-board.c.o
                0x0000000008005808                SX1276CheckRfFrequency
 .text.SX1276IoInit
                0x000000000800580c       0x90 ../../boards/STM32L476/CMakeFiles/STM32L476.dir/sx1276-board.c.o
                0x000000000800580c                SX1276IoInit
 .text.SX1276IoIrqInit
                0x000000000800589c       0x60 ../../boards/STM32L476/CMakeFiles/STM32L476.dir/sx1276-board.c.o
                0x000000000800589c                SX1276IoIrqInit
 .text.SX1276GetBoardTcxoWakeupTime
                0x00000000080058fc        0x4 ../../boards/STM32L476/CMakeFiles/STM32L476.dir/sx1276-board.c.o
                0x00000000080058fc                SX1276GetBoardTcxoWakeupTime
 .text.SX1276Reset
                0x0000000008005900       0x40 ../../boards/STM32L476/CMakeFiles/STM32L476.dir/sx1276-board.c.o
                0x0000000008005900                SX1276Reset
 .text.SX1276GetPaSelect
                0x0000000008005940       0x14 ../../boards/STM32L476/CMakeFiles/STM32L476.dir/sx1276-board.c.o
                0x0000000008005940                SX1276GetPaSelect
 .text.SX1276SetRfTxPower
                0x0000000008005954       0xbc ../../boards/STM32L476/CMakeFiles/STM32L476.dir/sx1276-board.c.o
                0x0000000008005954                SX1276SetRfTxPower
 .text.SX1276AntSwInit
                0x0000000008005a10       0x38 ../../boards/STM32L476/CMakeFiles/STM32L476.dir/sx1276-board.c.o
                0x0000000008005a10                SX1276AntSwInit
 .text.SX1276AntSwDeInit
                0x0000000008005a48       0x38 ../../boards/STM32L476/CMakeFiles/STM32L476.dir/sx1276-board.c.o
                0x0000000008005a48                SX1276AntSwDeInit
 .text.SX1276SetAntSwLowPower
                0x0000000008005a80       0x20 ../../boards/STM32L476/CMakeFiles/STM32L476.dir/sx1276-board.c.o
                0x0000000008005a80                SX1276SetAntSwLowPower
 .text.SX1276SetAntSw
                0x0000000008005aa0       0x34 ../../boards/STM32L476/CMakeFiles/STM32L476.dir/sx1276-board.c.o
                0x0000000008005aa0                SX1276SetAntSw
 .text.UartMcuInit
                0x0000000008005ad4       0x64 ../../boards/STM32L476/CMakeFiles/STM32L476.dir/uart-board.c.o
                0x0000000008005ad4                UartMcuInit
 .text.UartMcuConfig
                0x0000000008005b38      0x104 ../../boards/STM32L476/CMakeFiles/STM32L476.dir/uart-board.c.o
                0x0000000008005b38                UartMcuConfig
 .text.UartMcuPutBuffer
                0x0000000008005c3c       0x20 ../../boards/STM32L476/CMakeFiles/STM32L476.dir/uart-board.c.o
                0x0000000008005c3c                UartMcuPutBuffer
 .text.HAL_UART_TxCpltCallback
                0x0000000008005c5c       0x38 ../../boards/STM32L476/CMakeFiles/STM32L476.dir/uart-board.c.o
                0x0000000008005c5c                HAL_UART_TxCpltCallback
 .text.HAL_UART_RxCpltCallback
                0x0000000008005c94       0x3c ../../boards/STM32L476/CMakeFiles/STM32L476.dir/uart-board.c.o
                0x0000000008005c94                HAL_UART_RxCpltCallback
 .text.HAL_UART_ErrorCallback
                0x0000000008005cd0       0x18 ../../boards/STM32L476/CMakeFiles/STM32L476.dir/uart-board.c.o
                0x0000000008005cd0                HAL_UART_ErrorCallback
 .text.USART2_IRQHandler
                0x0000000008005ce8       0x10 ../../boards/STM32L476/CMakeFiles/STM32L476.dir/uart-board.c.o
                0x0000000008005ce8                USART2_IRQHandler
 .text.DelayMsMcu
                0x0000000008005cf8        0x8 ../../boards/STM32L476/CMakeFiles/STM32L476.dir/delay-board.c.o
                0x0000000008005cf8                DelayMsMcu
 .text.NMI_Handler
                0x0000000008005d00        0x4 ../../boards/STM32L476/CMakeFiles/STM32L476.dir/__/mcu/stm32/sysIrqHandlers.c.o
                0x0000000008005d00                NMI_Handler
 .text.MemManage_Handler
                0x0000000008005d04        0x4 ../../boards/STM32L476/CMakeFiles/STM32L476.dir/__/mcu/stm32/sysIrqHandlers.c.o
                0x0000000008005d04                MemManage_Handler
 .text.BusFault_Handler
                0x0000000008005d08        0x4 ../../boards/STM32L476/CMakeFiles/STM32L476.dir/__/mcu/stm32/sysIrqHandlers.c.o
                0x0000000008005d08                BusFault_Handler
 .text.UsageFault_Handler
                0x0000000008005d0c        0x4 ../../boards/STM32L476/CMakeFiles/STM32L476.dir/__/mcu/stm32/sysIrqHandlers.c.o
                0x0000000008005d0c                UsageFault_Handler
 .text.DebugMon_Handler
                0x0000000008005d10        0x4 ../../boards/STM32L476/CMakeFiles/STM32L476.dir/__/mcu/stm32/sysIrqHandlers.c.o
                0x0000000008005d10                DebugMon_Handler
 .text.memcpy1  0x0000000008005d14       0x18 ../../boards/STM32L476/CMakeFiles/STM32L476.dir/__/mcu/utilities.c.o
                0x0000000008005d14                memcpy1
 .text.Reset_Handler
                0x0000000008005d2c       0x50 ../../boards/STM32L476/CMakeFiles/STM32L476.dir/cmsis/arm-gcc/startup_stm32l476xx.s.o
                0x0000000008005d2c                Reset_Handler
 .text.Default_Handler
                0x0000000008005d7c        0x2 ../../boards/STM32L476/CMakeFiles/STM32L476.dir/cmsis/arm-gcc/startup_stm32l476xx.s.o
                0x0000000008005d7c                TIM8_TRG_COM_IRQHandler
                0x0000000008005d7c                TIM8_CC_IRQHandler
                0x0000000008005d7c                TIM1_CC_IRQHandler
                0x0000000008005d7c                TSC_IRQHandler
                0x0000000008005d7c                HardFault_Handler
                0x0000000008005d7c                TAMP_STAMP_IRQHandler
                0x0000000008005d7c                PendSV_Handler
                0x0000000008005d7c                LPTIM2_IRQHandler
                0x0000000008005d7c                DFSDM1_FLT1_IRQHandler
                0x0000000008005d7c                I2C3_ER_IRQHandler
                0x0000000008005d7c                DFSDM1_FLT2_IRQHandler
                0x0000000008005d7c                I2C2_EV_IRQHandler
                0x0000000008005d7c                CAN1_RX0_IRQHandler
                0x0000000008005d7c                FPU_IRQHandler
                0x0000000008005d7c                TIM1_UP_TIM16_IRQHandler
                0x0000000008005d7c                ADC1_2_IRQHandler
                0x0000000008005d7c                SPI1_IRQHandler
                0x0000000008005d7c                TIM6_DAC_IRQHandler
                0x0000000008005d7c                TIM8_UP_IRQHandler
                0x0000000008005d7c                DMA2_Channel2_IRQHandler
                0x0000000008005d7c                DMA1_Channel4_IRQHandler
                0x0000000008005d7c                SAI2_IRQHandler
                0x0000000008005d7c                DFSDM1_FLT3_IRQHandler
                0x0000000008005d7c                USART3_IRQHandler
                0x0000000008005d7c                DMA1_Channel7_IRQHandler
                0x0000000008005d7c                CAN1_RX1_IRQHandler
                0x0000000008005d7c                LCD_IRQHandler
                0x0000000008005d7c                UART5_IRQHandler
                0x0000000008005d7c                ADC3_IRQHandler
                0x0000000008005d7c                TIM4_IRQHandler
                0x0000000008005d7c                DMA2_Channel1_IRQHandler
                0x0000000008005d7c                QUADSPI_IRQHandler
                0x0000000008005d7c                I2C1_EV_IRQHandler
                0x0000000008005d7c                DMA1_Channel6_IRQHandler
                0x0000000008005d7c                UART4_IRQHandler
                0x0000000008005d7c                DMA2_Channel4_IRQHandler
                0x0000000008005d7c                TIM3_IRQHandler
                0x0000000008005d7c                RCC_IRQHandler
                0x0000000008005d7c                DMA1_Channel1_IRQHandler
                0x0000000008005d7c                Default_Handler
                0x0000000008005d7c                DMA2_Channel7_IRQHandler
                0x0000000008005d7c                TIM7_IRQHandler
                0x0000000008005d7c                SDMMC1_IRQHandler
                0x0000000008005d7c                TIM5_IRQHandler
                0x0000000008005d7c                I2C3_EV_IRQHandler
                0x0000000008005d7c                RTC_WKUP_IRQHandler
                0x0000000008005d7c                PVD_PVM_IRQHandler
                0x0000000008005d7c                SPI2_IRQHandler
                0x0000000008005d7c                CAN1_TX_IRQHandler
                0x0000000008005d7c                SVC_Handler
                0x0000000008005d7c                DMA2_Channel5_IRQHandler
                0x0000000008005d7c                DMA1_Channel5_IRQHandler
                0x0000000008005d7c                RNG_IRQHandler
                0x0000000008005d7c                TIM1_TRG_COM_TIM17_IRQHandler
                0x0000000008005d7c                DMA1_Channel3_IRQHandler
                0x0000000008005d7c                COMP_IRQHandler
                0x0000000008005d7c                WWDG_IRQHandler
                0x0000000008005d7c                LPUART1_IRQHandler
                0x0000000008005d7c                DMA2_Channel6_IRQHandler
                0x0000000008005d7c                TIM2_IRQHandler
                0x0000000008005d7c                DFSDM1_FLT0_IRQHandler
                0x0000000008005d7c                I2C2_ER_IRQHandler
                0x0000000008005d7c                DMA1_Channel2_IRQHandler
                0x0000000008005d7c                TIM8_BRK_IRQHandler
                0x0000000008005d7c                CAN1_SCE_IRQHandler
                0x0000000008005d7c                FLASH_IRQHandler
                0x0000000008005d7c                USART1_IRQHandler
                0x0000000008005d7c                OTG_FS_IRQHandler
                0x0000000008005d7c                SPI3_IRQHandler
                0x0000000008005d7c                I2C1_ER_IRQHandler
                0x0000000008005d7c                FMC_IRQHandler
                0x0000000008005d7c                SWPMI1_IRQHandler
                0x0000000008005d7c                LPTIM1_IRQHandler
                0x0000000008005d7c                SAI1_IRQHandler
                0x0000000008005d7c                DMA2_Channel3_IRQHandler
                0x0000000008005d7c                TIM1_BRK_TIM15_IRQHandler
 *fill*         0x0000000008005d7e        0x2 
 .text.SystemInit
                0x0000000008005d80       0x48 ../../boards/STM32L476/CMakeFiles/STM32L476.dir/cmsis/system_stm32l4xx.c.o
                0x0000000008005d80                SystemInit
 .text.Convert  0x0000000008005dc8      0x114 ../../boards/STM32L476/CMakeFiles/STM32L476.dir/cmsis/STM32L476G-Discovery/stm32l476g_discovery_glass_lcd.c.o
 .text.LCD_MspInit
                0x0000000008005edc      0x11c ../../boards/STM32L476/CMakeFiles/STM32L476.dir/cmsis/STM32L476G-Discovery/stm32l476g_discovery_glass_lcd.c.o
 .text.WriteChar
                0x0000000008005ff8      0x52c ../../boards/STM32L476/CMakeFiles/STM32L476.dir/cmsis/STM32L476G-Discovery/stm32l476g_discovery_glass_lcd.c.o
 .text.BSP_LCD_GLASS_DisplayString
                0x0000000008006524       0x38 ../../boards/STM32L476/CMakeFiles/STM32L476.dir/cmsis/STM32L476G-Discovery/stm32l476g_discovery_glass_lcd.c.o
                0x0000000008006524                BSP_LCD_GLASS_DisplayString
 .text.BSP_LCD_GLASS_Clear
                0x000000000800655c       0x10 ../../boards/STM32L476/CMakeFiles/STM32L476.dir/cmsis/STM32L476G-Discovery/stm32l476g_discovery_glass_lcd.c.o
                0x000000000800655c                BSP_LCD_GLASS_Clear
 .text.BSP_LCD_GLASS_Init
                0x000000000800656c       0x4c ../../boards/STM32L476/CMakeFiles/STM32L476.dir/cmsis/STM32L476G-Discovery/stm32l476g_discovery_glass_lcd.c.o
                0x000000000800656c                BSP_LCD_GLASS_Init
 .text.HAL_MspInit
                0x00000000080065b8        0x4 ../../boards/STM32L476/CMakeFiles/STM32L476.dir/__/mcu/stm32/STM32L4xx_HAL_Driver/Src/stm32l4xx_hal.c.o
                0x00000000080065b8                HAL_MspInit
 .text.HAL_InitTick
                0x00000000080065bc       0x2c ../../boards/STM32L476/CMakeFiles/STM32L476.dir/__/mcu/stm32/STM32L4xx_HAL_Driver/Src/stm32l4xx_hal.c.o
                0x00000000080065bc                HAL_InitTick
 .text.HAL_Init
                0x00000000080065e8       0x18 ../../boards/STM32L476/CMakeFiles/STM32L476.dir/__/mcu/stm32/STM32L4xx_HAL_Driver/Src/stm32l4xx_hal.c.o
                0x00000000080065e8                HAL_Init
 .text.HAL_IncTick
                0x0000000008006600       0x10 ../../boards/STM32L476/CMakeFiles/STM32L476.dir/__/mcu/stm32/STM32L4xx_HAL_Driver/Src/stm32l4xx_hal.c.o
                0x0000000008006600                HAL_IncTick
 .text.HAL_GetTick
                0x0000000008006610        0xc ../../boards/STM32L476/CMakeFiles/STM32L476.dir/__/mcu/stm32/STM32L4xx_HAL_Driver/Src/stm32l4xx_hal.c.o
                0x0000000008006610                HAL_GetTick
 .text.HAL_Delay
                0x000000000800661c       0x20 ../../boards/STM32L476/CMakeFiles/STM32L476.dir/__/mcu/stm32/STM32L4xx_HAL_Driver/Src/stm32l4xx_hal.c.o
                0x000000000800661c                HAL_Delay
 .text.HAL_DBGMCU_EnableDBGSleepMode
                0x000000000800663c       0x10 ../../boards/STM32L476/CMakeFiles/STM32L476.dir/__/mcu/stm32/STM32L4xx_HAL_Driver/Src/stm32l4xx_hal.c.o
                0x000000000800663c                HAL_DBGMCU_EnableDBGSleepMode
 .text.HAL_DBGMCU_EnableDBGStopMode
                0x000000000800664c       0x10 ../../boards/STM32L476/CMakeFiles/STM32L476.dir/__/mcu/stm32/STM32L4xx_HAL_Driver/Src/stm32l4xx_hal.c.o
                0x000000000800664c                HAL_DBGMCU_EnableDBGStopMode
 .text.HAL_DBGMCU_EnableDBGStandbyMode
                0x000000000800665c       0x10 ../../boards/STM32L476/CMakeFiles/STM32L476.dir/__/mcu/stm32/STM32L4xx_HAL_Driver/Src/stm32l4xx_hal.c.o
                0x000000000800665c                HAL_DBGMCU_EnableDBGStandbyMode
 .text.HAL_NVIC_SetPriorityGrouping
                0x000000000800666c       0x3c ../../boards/STM32L476/CMakeFiles/STM32L476.dir/__/mcu/stm32/STM32L4xx_HAL_Driver/Src/stm32l4xx_hal_cortex.c.o
                0x000000000800666c                HAL_NVIC_SetPriorityGrouping
 .text.HAL_NVIC_SetPriority
                0x00000000080066a8       0x84 ../../boards/STM32L476/CMakeFiles/STM32L476.dir/__/mcu/stm32/STM32L4xx_HAL_Driver/Src/stm32l4xx_hal_cortex.c.o
                0x00000000080066a8                HAL_NVIC_SetPriority
 .text.HAL_NVIC_EnableIRQ
                0x000000000800672c       0x2c ../../boards/STM32L476/CMakeFiles/STM32L476.dir/__/mcu/stm32/STM32L4xx_HAL_Driver/Src/stm32l4xx_hal_cortex.c.o
                0x000000000800672c                HAL_NVIC_EnableIRQ
 .text.HAL_SYSTICK_Config
                0x0000000008006758       0x2c ../../boards/STM32L476/CMakeFiles/STM32L476.dir/__/mcu/stm32/STM32L4xx_HAL_Driver/Src/stm32l4xx_hal_cortex.c.o
                0x0000000008006758                HAL_SYSTICK_Config
 .text.HAL_SYSTICK_CLKSourceConfig
                0x0000000008006784       0x38 ../../boards/STM32L476/CMakeFiles/STM32L476.dir/__/mcu/stm32/STM32L4xx_HAL_Driver/Src/stm32l4xx_hal_cortex.c.o
                0x0000000008006784                HAL_SYSTICK_CLKSourceConfig
 .text.HAL_SYSTICK_Callback
                0x00000000080067bc        0x4 ../../boards/STM32L476/CMakeFiles/STM32L476.dir/__/mcu/stm32/STM32L4xx_HAL_Driver/Src/stm32l4xx_hal_cortex.c.o
                0x00000000080067bc                HAL_SYSTICK_Callback
 .text.HAL_SYSTICK_IRQHandler
                0x00000000080067c0        0x8 ../../boards/STM32L476/CMakeFiles/STM32L476.dir/__/mcu/stm32/STM32L4xx_HAL_Driver/Src/stm32l4xx_hal_cortex.c.o
                0x00000000080067c0                HAL_SYSTICK_IRQHandler
 .text.HAL_DMA_Abort_IT
                0x00000000080067c8       0x4c ../../boards/STM32L476/CMakeFiles/STM32L476.dir/__/mcu/stm32/STM32L4xx_HAL_Driver/Src/stm32l4xx_hal_dma.c.o
                0x00000000080067c8                HAL_DMA_Abort_IT
 .text.HAL_GPIO_Init
                0x0000000008006814      0x2fc ../../boards/STM32L476/CMakeFiles/STM32L476.dir/__/mcu/stm32/STM32L4xx_HAL_Driver/Src/stm32l4xx_hal_gpio.c.o
                0x0000000008006814                HAL_GPIO_Init
 .text.HAL_GPIO_ReadPin
                0x0000000008006b10       0x24 ../../boards/STM32L476/CMakeFiles/STM32L476.dir/__/mcu/stm32/STM32L4xx_HAL_Driver/Src/stm32l4xx_hal_gpio.c.o
                0x0000000008006b10                HAL_GPIO_ReadPin
 .text.HAL_GPIO_WritePin
                0x0000000008006b34       0x30 ../../boards/STM32L476/CMakeFiles/STM32L476.dir/__/mcu/stm32/STM32L4xx_HAL_Driver/Src/stm32l4xx_hal_gpio.c.o
                0x0000000008006b34                HAL_GPIO_WritePin
 .text.HAL_GPIO_EXTI_IRQHandler
                0x0000000008006b64       0x18 ../../boards/STM32L476/CMakeFiles/STM32L476.dir/__/mcu/stm32/STM32L4xx_HAL_Driver/Src/stm32l4xx_hal_gpio.c.o
                0x0000000008006b64                HAL_GPIO_EXTI_IRQHandler
 .text.I2C_Flush_TXDR
                0x0000000008006b7c       0x24 ../../boards/STM32L476/CMakeFiles/STM32L476.dir/__/mcu/stm32/STM32L4xx_HAL_Driver/Src/stm32l4xx_hal_i2c.c.o
 .text.I2C_TransferConfig
                0x0000000008006ba0       0x94 ../../boards/STM32L476/CMakeFiles/STM32L476.dir/__/mcu/stm32/STM32L4xx_HAL_Driver/Src/stm32l4xx_hal_i2c.c.o
 .text.I2C_IsAcknowledgeFailed
                0x0000000008006c34       0x84 ../../boards/STM32L476/CMakeFiles/STM32L476.dir/__/mcu/stm32/STM32L4xx_HAL_Driver/Src/stm32l4xx_hal_i2c.c.o
 .text.I2C_WaitOnTXISFlagUntilTimeout
                0x0000000008006cb8       0x58 ../../boards/STM32L476/CMakeFiles/STM32L476.dir/__/mcu/stm32/STM32L4xx_HAL_Driver/Src/stm32l4xx_hal_i2c.c.o
 .text.I2C_WaitOnFlagUntilTimeout
                0x0000000008006d10       0x4c ../../boards/STM32L476/CMakeFiles/STM32L476.dir/__/mcu/stm32/STM32L4xx_HAL_Driver/Src/stm32l4xx_hal_i2c.c.o
 .text.I2C_RequestMemoryWrite
                0x0000000008006d5c       0x84 ../../boards/STM32L476/CMakeFiles/STM32L476.dir/__/mcu/stm32/STM32L4xx_HAL_Driver/Src/stm32l4xx_hal_i2c.c.o
 .text.I2C_RequestMemoryRead
                0x0000000008006de0       0x80 ../../boards/STM32L476/CMakeFiles/STM32L476.dir/__/mcu/stm32/STM32L4xx_HAL_Driver/Src/stm32l4xx_hal_i2c.c.o
 .text.I2C_WaitOnSTOPFlagUntilTimeout
                0x0000000008006e60       0x50 ../../boards/STM32L476/CMakeFiles/STM32L476.dir/__/mcu/stm32/STM32L4xx_HAL_Driver/Src/stm32l4xx_hal_i2c.c.o
 .text.HAL_I2C_Mem_Write
                0x0000000008006eb0      0x1e8 ../../boards/STM32L476/CMakeFiles/STM32L476.dir/__/mcu/stm32/STM32L4xx_HAL_Driver/Src/stm32l4xx_hal_i2c.c.o
                0x0000000008006eb0                HAL_I2C_Mem_Write
 .text.HAL_I2C_Mem_Read
                0x0000000008007098      0x1e8 ../../boards/STM32L476/CMakeFiles/STM32L476.dir/__/mcu/stm32/STM32L4xx_HAL_Driver/Src/stm32l4xx_hal_i2c.c.o
                0x0000000008007098                HAL_I2C_Mem_Read
 .text.HAL_PWREx_GetVoltageRange
                0x0000000008007280       0x10 ../../boards/STM32L476/CMakeFiles/STM32L476.dir/__/mcu/stm32/STM32L4xx_HAL_Driver/Src/stm32l4xx_hal_pwr_ex.c.o
                0x0000000008007280                HAL_PWREx_GetVoltageRange
 .text.RCC_SetFlashLatencyFromMSIRange
                0x0000000008007290       0x90 ../../boards/STM32L476/CMakeFiles/STM32L476.dir/__/mcu/stm32/STM32L4xx_HAL_Driver/Src/stm32l4xx_hal_rcc.c.o
 .text.HAL_RCC_GetSysClockFreq
                0x0000000008007320      0x100 ../../boards/STM32L476/CMakeFiles/STM32L476.dir/__/mcu/stm32/STM32L4xx_HAL_Driver/Src/stm32l4xx_hal_rcc.c.o
                0x0000000008007320                HAL_RCC_GetSysClockFreq
 .text.HAL_RCC_OscConfig
                0x0000000008007420      0x71c ../../boards/STM32L476/CMakeFiles/STM32L476.dir/__/mcu/stm32/STM32L4xx_HAL_Driver/Src/stm32l4xx_hal_rcc.c.o
                0x0000000008007420                HAL_RCC_OscConfig
 .text.HAL_RCC_ClockConfig
                0x0000000008007b3c      0x27c ../../boards/STM32L476/CMakeFiles/STM32L476.dir/__/mcu/stm32/STM32L4xx_HAL_Driver/Src/stm32l4xx_hal_rcc.c.o
                0x0000000008007b3c                HAL_RCC_ClockConfig
 .text.HAL_RCC_GetHCLKFreq
                0x0000000008007db8        0xc ../../boards/STM32L476/CMakeFiles/STM32L476.dir/__/mcu/stm32/STM32L4xx_HAL_Driver/Src/stm32l4xx_hal_rcc.c.o
                0x0000000008007db8                HAL_RCC_GetHCLKFreq
 .text.HAL_RCC_GetPCLK1Freq
                0x0000000008007dc4       0x20 ../../boards/STM32L476/CMakeFiles/STM32L476.dir/__/mcu/stm32/STM32L4xx_HAL_Driver/Src/stm32l4xx_hal_rcc.c.o
                0x0000000008007dc4                HAL_RCC_GetPCLK1Freq
 .text.HAL_RCC_GetPCLK2Freq
                0x0000000008007de4       0x20 ../../boards/STM32L476/CMakeFiles/STM32L476.dir/__/mcu/stm32/STM32L4xx_HAL_Driver/Src/stm32l4xx_hal_rcc.c.o
                0x0000000008007de4                HAL_RCC_GetPCLK2Freq
 .text.RCCEx_PLLSAI1_Config
                0x0000000008007e04      0x224 ../../boards/STM32L476/CMakeFiles/STM32L476.dir/__/mcu/stm32/STM32L4xx_HAL_Driver/Src/stm32l4xx_hal_rcc_ex.c.o
 .text.RCCEx_PLLSAI2_Config
                0x0000000008008028      0x1e4 ../../boards/STM32L476/CMakeFiles/STM32L476.dir/__/mcu/stm32/STM32L4xx_HAL_Driver/Src/stm32l4xx_hal_rcc_ex.c.o
 .text.HAL_RCCEx_PeriphCLKConfig
                0x000000000800820c      0x69c ../../boards/STM32L476/CMakeFiles/STM32L476.dir/__/mcu/stm32/STM32L4xx_HAL_Driver/Src/stm32l4xx_hal_rcc_ex.c.o
                0x000000000800820c                HAL_RCCEx_PeriphCLKConfig
 .text.HAL_RTC_MspInit
                0x00000000080088a8        0x4 ../../boards/STM32L476/CMakeFiles/STM32L476.dir/__/mcu/stm32/STM32L4xx_HAL_Driver/Src/stm32l4xx_hal_rtc.c.o
                0x00000000080088a8                HAL_RTC_MspInit
 .text.HAL_RTC_DeactivateAlarm
                0x00000000080088ac       0xec ../../boards/STM32L476/CMakeFiles/STM32L476.dir/__/mcu/stm32/STM32L4xx_HAL_Driver/Src/stm32l4xx_hal_rtc.c.o
                0x00000000080088ac                HAL_RTC_DeactivateAlarm
 .text.HAL_RTC_AlarmAEventCallback
                0x0000000008008998        0x4 ../../boards/STM32L476/CMakeFiles/STM32L476.dir/__/mcu/stm32/STM32L4xx_HAL_Driver/Src/stm32l4xx_hal_rtc.c.o
                0x0000000008008998                HAL_RTC_AlarmAEventCallback
 .text.HAL_RTC_AlarmIRQHandler
                0x000000000800899c       0x80 ../../boards/STM32L476/CMakeFiles/STM32L476.dir/__/mcu/stm32/STM32L4xx_HAL_Driver/Src/stm32l4xx_hal_rtc.c.o
                0x000000000800899c                HAL_RTC_AlarmIRQHandler
 .text.HAL_RTC_WaitForSynchro
                0x0000000008008a1c       0x34 ../../boards/STM32L476/CMakeFiles/STM32L476.dir/__/mcu/stm32/STM32L4xx_HAL_Driver/Src/stm32l4xx_hal_rtc.c.o
                0x0000000008008a1c                HAL_RTC_WaitForSynchro
 .text.RTC_EnterInitMode
                0x0000000008008a50       0x40 ../../boards/STM32L476/CMakeFiles/STM32L476.dir/__/mcu/stm32/STM32L4xx_HAL_Driver/Src/stm32l4xx_hal_rtc.c.o
                0x0000000008008a50                RTC_EnterInitMode
 .text.HAL_RTC_Init
                0x0000000008008a90      0x16c ../../boards/STM32L476/CMakeFiles/STM32L476.dir/__/mcu/stm32/STM32L4xx_HAL_Driver/Src/stm32l4xx_hal_rtc.c.o
                0x0000000008008a90                HAL_RTC_Init
 .text.RTC_ByteToBcd2
                0x0000000008008bfc       0x18 ../../boards/STM32L476/CMakeFiles/STM32L476.dir/__/mcu/stm32/STM32L4xx_HAL_Driver/Src/stm32l4xx_hal_rtc.c.o
                0x0000000008008bfc                RTC_ByteToBcd2
 .text.RTC_Bcd2ToByte
                0x0000000008008c14       0x14 ../../boards/STM32L476/CMakeFiles/STM32L476.dir/__/mcu/stm32/STM32L4xx_HAL_Driver/Src/stm32l4xx_hal_rtc.c.o
                0x0000000008008c14                RTC_Bcd2ToByte
 .text.HAL_RTC_SetTime
                0x0000000008008c28      0x210 ../../boards/STM32L476/CMakeFiles/STM32L476.dir/__/mcu/stm32/STM32L4xx_HAL_Driver/Src/stm32l4xx_hal_rtc.c.o
                0x0000000008008c28                HAL_RTC_SetTime
 .text.HAL_RTC_GetTime
                0x0000000008008e38       0x6c ../../boards/STM32L476/CMakeFiles/STM32L476.dir/__/mcu/stm32/STM32L4xx_HAL_Driver/Src/stm32l4xx_hal_rtc.c.o
                0x0000000008008e38                HAL_RTC_GetTime
 .text.HAL_RTC_SetDate
                0x0000000008008ea4      0x18c ../../boards/STM32L476/CMakeFiles/STM32L476.dir/__/mcu/stm32/STM32L4xx_HAL_Driver/Src/stm32l4xx_hal_rtc.c.o
                0x0000000008008ea4                HAL_RTC_SetDate
 .text.HAL_RTC_GetDate
                0x0000000008009030       0x58 ../../boards/STM32L476/CMakeFiles/STM32L476.dir/__/mcu/stm32/STM32L4xx_HAL_Driver/Src/stm32l4xx_hal_rtc.c.o
                0x0000000008009030                HAL_RTC_GetDate
 .text.HAL_RTC_SetAlarm_IT
                0x0000000008009088      0x398 ../../boards/STM32L476/CMakeFiles/STM32L476.dir/__/mcu/stm32/STM32L4xx_HAL_Driver/Src/stm32l4xx_hal_rtc.c.o
                0x0000000008009088                HAL_RTC_SetAlarm_IT
 .text.HAL_RTC_GetAlarm
                0x0000000008009420       0xb8 ../../boards/STM32L476/CMakeFiles/STM32L476.dir/__/mcu/stm32/STM32L4xx_HAL_Driver/Src/stm32l4xx_hal_rtc.c.o
                0x0000000008009420                HAL_RTC_GetAlarm
 .text.HAL_RTCEx_DeactivateWakeUpTimer
                0x00000000080094d8       0x80 ../../boards/STM32L476/CMakeFiles/STM32L476.dir/__/mcu/stm32/STM32L4xx_HAL_Driver/Src/stm32l4xx_hal_rtc_ex.c.o
                0x00000000080094d8                HAL_RTCEx_DeactivateWakeUpTimer
 .text.HAL_RTCEx_AlarmBEventCallback
                0x0000000008009558        0x4 ../../boards/STM32L476/CMakeFiles/STM32L476.dir/__/mcu/stm32/STM32L4xx_HAL_Driver/Src/stm32l4xx_hal_rtc_ex.c.o
                0x0000000008009558                HAL_RTCEx_AlarmBEventCallback
 .text.SPI_WaitFlagStateUntilTimeout
                0x000000000800955c       0x90 ../../boards/STM32L476/CMakeFiles/STM32L476.dir/__/mcu/stm32/STM32L4xx_HAL_Driver/Src/stm32l4xx_hal_spi.c.o
 .text.SPI_WaitFifoStateUntilTimeout
                0x00000000080095ec       0x9c ../../boards/STM32L476/CMakeFiles/STM32L476.dir/__/mcu/stm32/STM32L4xx_HAL_Driver/Src/stm32l4xx_hal_spi.c.o
 .text.SPI_EndRxTxTransaction
                0x0000000008009688       0x68 ../../boards/STM32L476/CMakeFiles/STM32L476.dir/__/mcu/stm32/STM32L4xx_HAL_Driver/Src/stm32l4xx_hal_spi.c.o
 .text.HAL_SPI_MspInit
                0x00000000080096f0        0x4 ../../boards/STM32L476/CMakeFiles/STM32L476.dir/__/mcu/stm32/STM32L4xx_HAL_Driver/Src/stm32l4xx_hal_spi.c.o
                0x00000000080096f0                HAL_SPI_MspInit
 .text.HAL_SPI_Init
                0x00000000080096f4      0x26c ../../boards/STM32L476/CMakeFiles/STM32L476.dir/__/mcu/stm32/STM32L4xx_HAL_Driver/Src/stm32l4xx_hal_spi.c.o
                0x00000000080096f4                HAL_SPI_Init
 .text.HAL_SPI_TransmitReceive
                0x0000000008009960      0x418 ../../boards/STM32L476/CMakeFiles/STM32L476.dir/__/mcu/stm32/STM32L4xx_HAL_Driver/Src/stm32l4xx_hal_spi.c.o
                0x0000000008009960                HAL_SPI_TransmitReceive
 .text.UART_EndRxTransfer
                0x0000000008009d78       0x1c ../../boards/STM32L476/CMakeFiles/STM32L476.dir/__/mcu/stm32/STM32L4xx_HAL_Driver/Src/stm32l4xx_hal_uart.c.o
 .text.UART_Transmit_IT
                0x0000000008009d94       0x6c ../../boards/STM32L476/CMakeFiles/STM32L476.dir/__/mcu/stm32/STM32L4xx_HAL_Driver/Src/stm32l4xx_hal_uart.c.o
 .text.HAL_UART_MspInit
                0x0000000008009e00        0x4 ../../boards/STM32L476/CMakeFiles/STM32L476.dir/__/mcu/stm32/STM32L4xx_HAL_Driver/Src/stm32l4xx_hal_uart.c.o
                0x0000000008009e00                HAL_UART_MspInit
 .text.HAL_UART_Transmit_IT
                0x0000000008009e04       0x4c ../../boards/STM32L476/CMakeFiles/STM32L476.dir/__/mcu/stm32/STM32L4xx_HAL_Driver/Src/stm32l4xx_hal_uart.c.o
                0x0000000008009e04                HAL_UART_Transmit_IT
 .text.HAL_UART_Receive_IT
                0x0000000008009e50       0xac ../../boards/STM32L476/CMakeFiles/STM32L476.dir/__/mcu/stm32/STM32L4xx_HAL_Driver/Src/stm32l4xx_hal_uart.c.o
                0x0000000008009e50                HAL_UART_Receive_IT
 .text.UART_EndTransmit_IT
                0x0000000008009efc       0x1c ../../boards/STM32L476/CMakeFiles/STM32L476.dir/__/mcu/stm32/STM32L4xx_HAL_Driver/Src/stm32l4xx_hal_uart.c.o
 .text.UART_Receive_IT
                0x0000000008009f18       0x84 ../../boards/STM32L476/CMakeFiles/STM32L476.dir/__/mcu/stm32/STM32L4xx_HAL_Driver/Src/stm32l4xx_hal_uart.c.o
 .text.HAL_UART_IRQHandler
                0x0000000008009f9c      0x15c ../../boards/STM32L476/CMakeFiles/STM32L476.dir/__/mcu/stm32/STM32L4xx_HAL_Driver/Src/stm32l4xx_hal_uart.c.o
                0x0000000008009f9c                HAL_UART_IRQHandler
 .text.UART_DMAAbortOnError
                0x000000000800a0f8       0x14 ../../boards/STM32L476/CMakeFiles/STM32L476.dir/__/mcu/stm32/STM32L4xx_HAL_Driver/Src/stm32l4xx_hal_uart.c.o
 .text.UART_SetConfig
                0x000000000800a10c      0x4d0 ../../boards/STM32L476/CMakeFiles/STM32L476.dir/__/mcu/stm32/STM32L4xx_HAL_Driver/Src/stm32l4xx_hal_uart.c.o
                0x000000000800a10c                UART_SetConfig
 .text.UART_AdvFeatureConfig
                0x000000000800a5dc      0x1d8 ../../boards/STM32L476/CMakeFiles/STM32L476.dir/__/mcu/stm32/STM32L4xx_HAL_Driver/Src/stm32l4xx_hal_uart.c.o
                0x000000000800a5dc                UART_AdvFeatureConfig
 .text.UART_WaitOnFlagUntilTimeout
                0x000000000800a7b4       0x68 ../../boards/STM32L476/CMakeFiles/STM32L476.dir/__/mcu/stm32/STM32L4xx_HAL_Driver/Src/stm32l4xx_hal_uart.c.o
                0x000000000800a7b4                UART_WaitOnFlagUntilTimeout
 .text.HAL_UART_Transmit
                0x000000000800a81c       0xd0 ../../boards/STM32L476/CMakeFiles/STM32L476.dir/__/mcu/stm32/STM32L4xx_HAL_Driver/Src/stm32l4xx_hal_uart.c.o
                0x000000000800a81c                HAL_UART_Transmit
 .text.UART_CheckIdleState
                0x000000000800a8ec       0x6c ../../boards/STM32L476/CMakeFiles/STM32L476.dir/__/mcu/stm32/STM32L4xx_HAL_Driver/Src/stm32l4xx_hal_uart.c.o
                0x000000000800a8ec                UART_CheckIdleState
 .text.HAL_UART_Init
                0x000000000800a958       0xec ../../boards/STM32L476/CMakeFiles/STM32L476.dir/__/mcu/stm32/STM32L4xx_HAL_Driver/Src/stm32l4xx_hal_uart.c.o
                0x000000000800a958                HAL_UART_Init
 .text.HAL_UARTEx_WakeupCallback
                0x000000000800aa44        0x4 ../../boards/STM32L476/CMakeFiles/STM32L476.dir/__/mcu/stm32/STM32L4xx_HAL_Driver/Src/stm32l4xx_hal_uart_ex.c.o
                0x000000000800aa44                HAL_UARTEx_WakeupCallback
 .text.HAL_LCD_MspInit
                0x000000000800aa48        0x4 ../../boards/STM32L476/CMakeFiles/STM32L476.dir/__/mcu/stm32/STM32L4xx_HAL_Driver/Src/stm32l4xx_hal_lcd.c.o
                0x000000000800aa48                HAL_LCD_MspInit
 .text.HAL_LCD_Write
                0x000000000800aa4c       0xa4 ../../boards/STM32L476/CMakeFiles/STM32L476.dir/__/mcu/stm32/STM32L4xx_HAL_Driver/Src/stm32l4xx_hal_lcd.c.o
                0x000000000800aa4c                HAL_LCD_Write
 .text.HAL_LCD_UpdateDisplayRequest
                0x000000000800aaf0       0x50 ../../boards/STM32L476/CMakeFiles/STM32L476.dir/__/mcu/stm32/STM32L4xx_HAL_Driver/Src/stm32l4xx_hal_lcd.c.o
                0x000000000800aaf0                HAL_LCD_UpdateDisplayRequest
 .text.HAL_LCD_Clear
                0x000000000800ab40       0x80 ../../boards/STM32L476/CMakeFiles/STM32L476.dir/__/mcu/stm32/STM32L4xx_HAL_Driver/Src/stm32l4xx_hal_lcd.c.o
                0x000000000800ab40                HAL_LCD_Clear
 .text.LCD_WaitForSynchro
                0x000000000800abc0       0x30 ../../boards/STM32L476/CMakeFiles/STM32L476.dir/__/mcu/stm32/STM32L4xx_HAL_Driver/Src/stm32l4xx_hal_lcd.c.o
                0x000000000800abc0                LCD_WaitForSynchro
 .text.HAL_LCD_Init
                0x000000000800abf0      0x32c ../../boards/STM32L476/CMakeFiles/STM32L476.dir/__/mcu/stm32/STM32L4xx_HAL_Driver/Src/stm32l4xx_hal_lcd.c.o
                0x000000000800abf0                HAL_LCD_Init
 *(.glue_7)
 .glue_7        0x000000000800af1c        0x0 linker stubs
 *(.glue_7t)
 .glue_7t       0x000000000800af1c        0x0 linker stubs
 *(.eh_frame)
 .eh_frame      0x000000000800af1c        0x0 /usr/lib/gcc/arm-none-eabi/5.4.1/armv7e-m/softfp/crtbegin.o
 *(.init)
 .init          0x000000000800af1c        0x4 /usr/lib/gcc/arm-none-eabi/5.4.1/armv7e-m/softfp/crti.o
                0x000000000800af1c                _init
 .init          0x000000000800af20        0x8 /usr/lib/gcc/arm-none-eabi/5.4.1/armv7e-m/softfp/crtn.o
 *(.fini)
 .fini          0x000000000800af28        0x4 /usr/lib/gcc/arm-none-eabi/5.4.1/armv7e-m/softfp/crti.o
                0x000000000800af28                _fini
 .fini          0x000000000800af2c        0x8 /usr/lib/gcc/arm-none-eabi/5.4.1/armv7e-m/softfp/crtn.o
                0x000000000800af38                . = ALIGN (0x8)
 *fill*         0x000000000800af34        0x4 
                0x000000000800af38                _etext = .

.vfp11_veneer   0x000000000800af38        0x0
 .vfp11_veneer  0x000000000800af38        0x0 linker stubs

.v4_bx          0x000000000800af38        0x0
 .v4_bx         0x000000000800af38        0x0 linker stubs

.iplt           0x000000000800af38        0x0
 .iplt          0x000000000800af38        0x0 /usr/lib/gcc/arm-none-eabi/5.4.1/armv7e-m/softfp/crtbegin.o

.rodata         0x000000000800af38      0xa10
                0x000000000800af38                . = ALIGN (0x8)
 *(.rodata)
 *(.rodata*)
 .rodata.PongMsg
                0x000000000800af38        0x5 CMakeFiles/ping-pong.dir/STM32L476/main.c.o
                0x000000000800af38                PongMsg
 *fill*         0x000000000800af3d        0x3 
 .rodata.str1.4
                0x000000000800af40      0x20f CMakeFiles/ping-pong.dir/STM32L476/main.c.o
 *fill*         0x000000000800b14f        0x1 
 .rodata.PingMsg
                0x000000000800b150        0x5 CMakeFiles/ping-pong.dir/STM32L476/main.c.o
                0x000000000800b150                PingMsg
 *fill*         0x000000000800b155        0x3 
 .rodata.RadioRegsInit
                0x000000000800b158       0x30 ../../radio/CMakeFiles/radio.dir/sx1276/sx1276.c.o
                0x000000000800b158                RadioRegsInit
 .rodata.FskBandwidths
                0x000000000800b188       0xb0 ../../radio/CMakeFiles/radio.dir/sx1276/sx1276.c.o
                0x000000000800b188                FskBandwidths
 .rodata.str1.4
                0x000000000800b238       0x4e ../../boards/STM32L476/CMakeFiles/STM32L476.dir/board.c.o
 *fill*         0x000000000800b286        0x2 
 .rodata.str1.4
                0x000000000800b288       0x53 ../../boards/STM32L476/CMakeFiles/STM32L476.dir/gpio-board.c.o
 *fill*         0x000000000800b2db        0x1 
 .rodata.str1.4
                0x000000000800b2dc       0x52 ../../boards/STM32L476/CMakeFiles/STM32L476.dir/rtc-board.c.o
 *fill*         0x000000000800b32e        0x2 
 .rodata.DaysInMonth
                0x000000000800b330        0xc ../../boards/STM32L476/CMakeFiles/STM32L476.dir/rtc-board.c.o
 .rodata.DaysInMonthLeapYear
                0x000000000800b33c        0xc ../../boards/STM32L476/CMakeFiles/STM32L476.dir/rtc-board.c.o
 .rodata.str1.4
                0x000000000800b348       0x52 ../../boards/STM32L476/CMakeFiles/STM32L476.dir/spi-board.c.o
 *fill*         0x000000000800b39a        0x2 
 .rodata.Radio  0x000000000800b39c       0x6c ../../boards/STM32L476/CMakeFiles/STM32L476.dir/sx1276-board.c.o
                0x000000000800b39c                Radio
 .rodata.str1.4
                0x000000000800b408       0x53 ../../boards/STM32L476/CMakeFiles/STM32L476.dir/uart-board.c.o
 *fill*         0x000000000800b45b        0x1 
 .rodata.AHBPrescTable
                0x000000000800b45c       0x10 ../../boards/STM32L476/CMakeFiles/STM32L476.dir/cmsis/system_stm32l4xx.c.o
                0x000000000800b45c                AHBPrescTable
 .rodata.APBPrescTable
                0x000000000800b46c        0x8 ../../boards/STM32L476/CMakeFiles/STM32L476.dir/cmsis/system_stm32l4xx.c.o
                0x000000000800b46c                APBPrescTable
 .rodata.MSIRangeTable
                0x000000000800b474       0x30 ../../boards/STM32L476/CMakeFiles/STM32L476.dir/cmsis/system_stm32l4xx.c.o
                0x000000000800b474                MSIRangeTable
 .rodata.CapLetterMap
                0x000000000800b4a4       0x34 ../../boards/STM32L476/CMakeFiles/STM32L476.dir/cmsis/STM32L476G-Discovery/stm32l476g_discovery_glass_lcd.c.o
                0x000000000800b4a4                CapLetterMap
 .rodata.NumberMap
                0x000000000800b4d8       0x14 ../../boards/STM32L476/CMakeFiles/STM32L476.dir/cmsis/STM32L476G-Discovery/stm32l476g_discovery_glass_lcd.c.o
                0x000000000800b4d8                NumberMap
 .rodata.str1.4
                0x000000000800b4ec       0x76 ../../boards/STM32L476/CMakeFiles/STM32L476.dir/__/mcu/stm32/STM32L4xx_HAL_Driver/Src/stm32l4xx_hal_cortex.c.o
 *fill*         0x000000000800b562        0x2 
 .rodata.str1.4
                0x000000000800b564       0x74 ../../boards/STM32L476/CMakeFiles/STM32L476.dir/__/mcu/stm32/STM32L4xx_HAL_Driver/Src/stm32l4xx_hal_gpio.c.o
 .rodata.str1.4
                0x000000000800b5d8       0x73 ../../boards/STM32L476/CMakeFiles/STM32L476.dir/__/mcu/stm32/STM32L4xx_HAL_Driver/Src/stm32l4xx_hal_i2c.c.o
 *fill*         0x000000000800b64b        0x1 
 .rodata.str1.4
                0x000000000800b64c       0x73 ../../boards/STM32L476/CMakeFiles/STM32L476.dir/__/mcu/stm32/STM32L4xx_HAL_Driver/Src/stm32l4xx_hal_rcc.c.o
 *fill*         0x000000000800b6bf        0x1 
 .rodata.str1.4
                0x000000000800b6c0       0x76 ../../boards/STM32L476/CMakeFiles/STM32L476.dir/__/mcu/stm32/STM32L4xx_HAL_Driver/Src/stm32l4xx_hal_rcc_ex.c.o
 *fill*         0x000000000800b736        0x2 
 .rodata.str1.4
                0x000000000800b738       0x73 ../../boards/STM32L476/CMakeFiles/STM32L476.dir/__/mcu/stm32/STM32L4xx_HAL_Driver/Src/stm32l4xx_hal_rtc.c.o
 *fill*         0x000000000800b7ab        0x1 
 .rodata.str1.4
                0x000000000800b7ac       0x73 ../../boards/STM32L476/CMakeFiles/STM32L476.dir/__/mcu/stm32/STM32L4xx_HAL_Driver/Src/stm32l4xx_hal_spi.c.o
 *fill*         0x000000000800b81f        0x1 
 .rodata.str1.4
                0x000000000800b820       0x74 ../../boards/STM32L476/CMakeFiles/STM32L476.dir/__/mcu/stm32/STM32L4xx_HAL_Driver/Src/stm32l4xx_hal_uart.c.o
 .rodata.str1.4
                0x000000000800b894       0x73 ../../boards/STM32L476/CMakeFiles/STM32L476.dir/__/mcu/stm32/STM32L4xx_HAL_Driver/Src/stm32l4xx_hal_lcd.c.o
 *fill*         0x000000000800b907        0x1 
 .rodata.str1.4
                0x000000000800b908        0x2 /usr/lib/gcc/arm-none-eabi/5.4.1/../../../arm-none-eabi/lib/armv7e-m/softfp/libg_nano.a(lib_a-impure.o)
 *fill*         0x000000000800b90a        0x2 
 .rodata.str1.4
                0x000000000800b90c       0x13 /usr/lib/gcc/arm-none-eabi/5.4.1/../../../arm-none-eabi/lib/armv7e-m/softfp/libg_nano.a(lib_a-nano-svfprintf.o)
 *fill*         0x000000000800b91f        0x1 
 .rodata.str1.4
                0x000000000800b920       0x28 /usr/lib/gcc/arm-none-eabi/5.4.1/../../../arm-none-eabi/lib/armv7e-m/softfp/libg_nano.a(lib_a-nano-vfprintf_i.o)
                                         0x25 (size before relaxing)
                0x000000000800b948                . = ALIGN (0x8)

.ARM.extab      0x000000000800b948        0x0
                0x000000000800b948                . = ALIGN (0x8)
 *(.ARM.extab* .gnu.linkonce.armextab.*)
                0x000000000800b948                . = ALIGN (0x8)

.ARM            0x000000000800b948        0x8
                0x000000000800b948                . = ALIGN (0x8)
                0x000000000800b948                __exidx_start = .
 *(.ARM.exidx*)
 .ARM.exidx     0x000000000800b948        0x8 /usr/lib/gcc/arm-none-eabi/5.4.1/armv7e-m/softfp/libgcc.a(_udivmoddi4.o)
                0x000000000800b950                __exidx_end = .
                0x000000000800b950                . = ALIGN (0x8)

.rel.dyn        0x000000000800b950        0x0
 .rel.iplt      0x000000000800b950        0x0 /usr/lib/gcc/arm-none-eabi/5.4.1/armv7e-m/softfp/crtbegin.o

.preinit_array  0x000000000800b950        0x0
                0x000000000800b950                . = ALIGN (0x8)
                0x000000000800b950                PROVIDE (__preinit_array_start, .)
 *(.preinit_array*)
                0x000000000800b950                PROVIDE (__preinit_array_end, .)
                0x000000000800b950                . = ALIGN (0x8)

.init_array     0x000000000800b950        0x8
                0x000000000800b950                . = ALIGN (0x8)
                0x000000000800b950                PROVIDE (__init_array_start, .)
 *(SORT(.init_array.*))
 *(.init_array*)
 .init_array    0x000000000800b950        0x4 /usr/lib/gcc/arm-none-eabi/5.4.1/armv7e-m/softfp/crtbegin.o
                0x000000000800b954                PROVIDE (__init_array_end, .)
                0x000000000800b958                . = ALIGN (0x8)
 *fill*         0x000000000800b954        0x4 

.fini_array     0x000000000800b958        0x8
                0x000000000800b958                . = ALIGN (0x8)
                0x000000000800b958                PROVIDE (__fini_array_start, .)
 *(SORT(.fini_array.*))
 *(.fini_array*)
 .fini_array    0x000000000800b958        0x4 /usr/lib/gcc/arm-none-eabi/5.4.1/armv7e-m/softfp/crtbegin.o
                0x000000000800b95c                PROVIDE (__fini_array_end, .)
                0x000000000800b960                . = ALIGN (0x8)
 *fill*         0x000000000800b95c        0x4 
                0x000000000800b960                _sidata = LOADADDR (.data)

.data           0x0000000020000000       0x88 load address 0x000000000800b960
                0x0000000020000000                . = ALIGN (0x8)
                0x0000000020000000                _sdata = .
 *(.data)
 .data          0x0000000020000000       0x64 /usr/lib/gcc/arm-none-eabi/5.4.1/../../../arm-none-eabi/lib/armv7e-m/softfp/libg_nano.a(lib_a-impure.o)
                0x0000000020000000                _impure_ptr
 *(.data*)
 .data.BufferSize
                0x0000000020000064        0x2 CMakeFiles/ping-pong.dir/STM32L476/main.c.o
                0x0000000020000064                BufferSize
 *fill*         0x0000000020000066        0x2 
 .data.DioIrq   0x0000000020000068       0x18 ../../radio/CMakeFiles/radio.dir/sx1276/sx1276.c.o
                0x0000000020000068                DioIrq
 .data.SystemCoreClock
                0x0000000020000080        0x4 ../../boards/STM32L476/CMakeFiles/STM32L476.dir/cmsis/system_stm32l4xx.c.o
                0x0000000020000080                SystemCoreClock
                0x0000000020000088                . = ALIGN (0x8)
 *fill*         0x0000000020000084        0x4 
                0x0000000020000088                _edata = .

.jcr            0x0000000020000088        0x0 load address 0x000000000800b9e8
 .jcr           0x0000000020000088        0x0 /usr/lib/gcc/arm-none-eabi/5.4.1/armv7e-m/softfp/crtbegin.o

.tm_clone_table
                0x0000000020000088        0x0 load address 0x000000000800b9e8
 .tm_clone_table
                0x0000000020000088        0x0 /usr/lib/gcc/arm-none-eabi/5.4.1/armv7e-m/softfp/crtbegin.o
 .tm_clone_table
                0x0000000020000088        0x0 /usr/lib/gcc/arm-none-eabi/5.4.1/armv7e-m/softfp/crtend.o

.igot.plt       0x0000000020000088        0x0 load address 0x000000000800b9e8
 .igot.plt      0x0000000020000088        0x0 /usr/lib/gcc/arm-none-eabi/5.4.1/armv7e-m/softfp/crtbegin.o
                0x0000000020000088                . = ALIGN (0x4)

.bss            0x0000000020000088      0x5fc load address 0x000000000800b9e8
                0x0000000020000088                _sbss = .
                0x0000000020000088                __bss_start__ = _sbss
 *(.bss)
 .bss           0x0000000020000088       0x1c /usr/lib/gcc/arm-none-eabi/5.4.1/armv7e-m/softfp/crtbegin.o
 .bss           0x00000000200000a4        0x8 /usr/lib/gcc/arm-none-eabi/5.4.1/../../../arm-none-eabi/lib/armv7e-m/softfp/libg_nano.a(lib_a-nano-mallocr.o)
                0x00000000200000a4                __malloc_free_list
                0x00000000200000a8                __malloc_sbrk_start
 .bss           0x00000000200000ac        0x4 /usr/lib/gcc/arm-none-eabi/5.4.1/../../../arm-none-eabi/lib/armv7e-m/softfp/libnosys.a(sbrk.o)
 *(.bss*)
 .bss.RssiValue
                0x00000000200000b0        0x1 CMakeFiles/ping-pong.dir/STM32L476/main.c.o
                0x00000000200000b0                RssiValue
 .bss.SnrValue  0x00000000200000b1        0x1 CMakeFiles/ping-pong.dir/STM32L476/main.c.o
                0x00000000200000b1                SnrValue
 .bss.State     0x00000000200000b2        0x1 CMakeFiles/ping-pong.dir/STM32L476/main.c.o
                0x00000000200000b2                State
 *fill*         0x00000000200000b3        0x1 
 .bss.RadioEvents
                0x00000000200000b4       0x1c CMakeFiles/ping-pong.dir/STM32L476/main.c.o
 .bss.I2cInitialized
                0x00000000200000d0        0x1 ../../system/CMakeFiles/system.dir/i2c.c.o
 .bss.HasLoopedThroughMain
                0x00000000200000d1        0x1 ../../system/CMakeFiles/system.dir/timer.c.o
                0x00000000200000d1                HasLoopedThroughMain
 *fill*         0x00000000200000d2        0x2 
 .bss.TimerListHead
                0x00000000200000d4        0x4 ../../system/CMakeFiles/system.dir/timer.c.o
 .bss.RadioEvents
                0x00000000200000d8        0x4 ../../radio/CMakeFiles/radio.dir/sx1276/sx1276.c.o
 .bss.RxTxBuffer
                0x00000000200000dc      0x100 ../../radio/CMakeFiles/radio.dir/sx1276/sx1276.c.o
 .bss.GpioIoeIrq
                0x00000000200001dc       0x40 ../../peripherals/CMakeFiles/peripherals.dir/gpio-ioe.c.o
 .bss.I2cDeviceAddr
                0x000000002000021c        0x1 ../../peripherals/CMakeFiles/peripherals.dir/sx1509.c.o
 .bss.SX1509Initialized
                0x000000002000021d        0x1 ../../peripherals/CMakeFiles/peripherals.dir/sx1509.c.o
 .bss.IrqNestLevel
                0x000000002000021e        0x1 ../../boards/STM32L476/CMakeFiles/STM32L476.dir/board.c.o
 .bss.McuInitialized
                0x000000002000021f        0x1 ../../boards/STM32L476/CMakeFiles/STM32L476.dir/board.c.o
 .bss.GpioIrq   0x0000000020000220       0x40 ../../boards/STM32L476/CMakeFiles/STM32L476.dir/gpio-board.c.o
 .bss.RtcHandle
                0x0000000020000260       0x24 ../../boards/STM32L476/CMakeFiles/STM32L476.dir/rtc-board.c.o
                0x0000000020000260                RtcHandle
 .bss.LowPowerDisableDuringTask
                0x0000000020000284        0x1 ../../boards/STM32L476/CMakeFiles/STM32L476.dir/rtc-board.c.o
 *fill*         0x0000000020000285        0x3 
 .bss.McuWakeUpTime
                0x0000000020000288        0x4 ../../boards/STM32L476/CMakeFiles/STM32L476.dir/rtc-board.c.o
                0x0000000020000288                McuWakeUpTime
 .bss.NonScheduledWakeUp
                0x000000002000028c        0x1 ../../boards/STM32L476/CMakeFiles/STM32L476.dir/rtc-board.c.o
                0x000000002000028c                NonScheduledWakeUp
 *fill*         0x000000002000028d        0x1 
 .bss.PreviousCentury
                0x000000002000028e        0x2 ../../boards/STM32L476/CMakeFiles/STM32L476.dir/rtc-board.c.o
 .bss.TimeoutValueError
                0x0000000020000290        0x4 ../../boards/STM32L476/CMakeFiles/STM32L476.dir/rtc-board.c.o
 .bss.Century   0x0000000020000294        0x2 ../../boards/STM32L476/CMakeFiles/STM32L476.dir/rtc-board.c.o
 .bss.RtcInitialized
                0x0000000020000296        0x1 ../../boards/STM32L476/CMakeFiles/STM32L476.dir/rtc-board.c.o
 .bss.CalendarRollOverReady
                0x0000000020000297        0x1 ../../boards/STM32L476/CMakeFiles/STM32L476.dir/rtc-board.c.o
 .bss.WakeUpTimeInitialized
                0x0000000020000298        0x1 ../../boards/STM32L476/CMakeFiles/STM32L476.dir/rtc-board.c.o
 .bss.RtcTimerEventAllowsLowPower
                0x0000000020000299        0x1 ../../boards/STM32L476/CMakeFiles/STM32L476.dir/rtc-board.c.o
 *fill*         0x000000002000029a        0x2 
 .bss.SpiHandle
                0x000000002000029c       0xc8 ../../boards/STM32L476/CMakeFiles/STM32L476.dir/spi-board.c.o
 .bss.I2cHandle
                0x0000000020000364       0x4c ../../boards/STM32L476/CMakeFiles/STM32L476.dir/i2c-board.c.o
 .bss.I2cInternalAddrSize
                0x00000000200003b0        0x1 ../../boards/STM32L476/CMakeFiles/STM32L476.dir/i2c-board.c.o
 .bss.RadioIsActive
                0x00000000200003b1        0x1 ../../boards/STM32L476/CMakeFiles/STM32L476.dir/sx1276-board.c.o
 .bss.RxData    0x00000000200003b2        0x1 ../../boards/STM32L476/CMakeFiles/STM32L476.dir/uart-board.c.o
                0x00000000200003b2                RxData
 *fill*         0x00000000200003b3        0x1 
 .bss.UartHandle
                0x00000000200003b4       0x70 ../../boards/STM32L476/CMakeFiles/STM32L476.dir/uart-board.c.o
 .bss.TxData    0x0000000020000424        0x1 ../../boards/STM32L476/CMakeFiles/STM32L476.dir/uart-board.c.o
                0x0000000020000424                TxData
 *(COMMON)
 *fill*         0x0000000020000425        0x3 
 COMMON         0x0000000020000428       0x40 CMakeFiles/ping-pong.dir/STM32L476/main.c.o
                0x0000000020000428                Buffer
 COMMON         0x0000000020000468      0x128 ../../radio/CMakeFiles/radio.dir/sx1276/sx1276.c.o
                0x0000000020000468                TxTimeoutTimer
                0x000000002000047c                RxTimeoutSyncWord
                0x0000000020000490                SX1276
                0x000000002000057c                RxTimeoutTimer
 COMMON         0x0000000020000590       0x6c ../../boards/STM32L476/CMakeFiles/STM32L476.dir/board.c.o
                0x0000000020000590                I2c
                0x00000000200005ac                Led5
                0x00000000200005b8                Led4
                0x00000000200005c4                Uart2
 COMMON         0x00000000200005fc       0x1c ../../boards/STM32L476/CMakeFiles/STM32L476.dir/rtc-board.c.o
                0x00000000200005fc                RtcCalendarContext
 COMMON         0x0000000020000618       0x18 ../../boards/STM32L476/CMakeFiles/STM32L476.dir/sx1276-board.c.o
                0x0000000020000618                AntSwitchLf
                0x0000000020000624                AntSwitchHf
 COMMON         0x0000000020000630       0x4c ../../boards/STM32L476/CMakeFiles/STM32L476.dir/cmsis/STM32L476G-Discovery/stm32l476g_discovery_glass_lcd.c.o
                0x0000000020000630                Digit
                0x0000000020000640                LCDHandle
 COMMON         0x000000002000067c        0x4 ../../boards/STM32L476/CMakeFiles/STM32L476.dir/__/mcu/stm32/STM32L4xx_HAL_Driver/Src/stm32l4xx_hal.c.o
                0x000000002000067c                uwTick
 COMMON         0x0000000020000680        0x4 /usr/lib/gcc/arm-none-eabi/5.4.1/../../../arm-none-eabi/lib/armv7e-m/softfp/libg_nano.a(lib_a-reent.o)
                0x0000000020000680                errno
                0x0000000020000684                . = ALIGN (0x4)
                0x0000000020000684                _ebss = .
                0x0000000020000684                __bss_end__ = _ebss

._user_heap_stack
                0x0000000020000684      0x604 load address 0x000000000800b9e8
                0x0000000020000688                . = ALIGN (0x8)
 *fill*         0x0000000020000684        0x4 
                0x0000000020000688                PROVIDE (end, .)
                [!provide]                        PROVIDE (_end, .)
                0x0000000020000888                . = (. + _Min_Heap_Size)
 *fill*         0x0000000020000688      0x200 
                0x0000000020000c88                . = (. + _Min_Stack_Size)
 *fill*         0x0000000020000888      0x400 
                0x0000000020000c88                . = ALIGN (0x8)

/DISCARD/
 libc.a(*)
 libm.a(*)
 libgcc.a(*)

.ARM.attributes
                0x0000000000000000       0x2e
 *(.ARM.attributes)
 .ARM.attributes
                0x0000000000000000       0x22 /usr/lib/gcc/arm-none-eabi/5.4.1/armv7e-m/softfp/crti.o
 .ARM.attributes
                0x0000000000000022       0x32 /usr/lib/gcc/arm-none-eabi/5.4.1/armv7e-m/softfp/crtbegin.o
 .ARM.attributes
                0x0000000000000054       0x33 CMakeFiles/ping-pong.dir/STM32L476/logging.c.o
 .ARM.attributes
                0x0000000000000087       0x33 CMakeFiles/ping-pong.dir/STM32L476/main.c.o
 .ARM.attributes
                0x00000000000000ba       0x33 ../../system/CMakeFiles/system.dir/delay.c.o
 .ARM.attributes
                0x00000000000000ed       0x33 ../../system/CMakeFiles/system.dir/fifo.c.o
 .ARM.attributes
                0x0000000000000120       0x33 ../../system/CMakeFiles/system.dir/gpio.c.o
 .ARM.attributes
                0x0000000000000153       0x33 ../../system/CMakeFiles/system.dir/i2c.c.o
 .ARM.attributes
                0x0000000000000186       0x33 ../../system/CMakeFiles/system.dir/lcd.c.o
 .ARM.attributes
                0x00000000000001b9       0x33 ../../system/CMakeFiles/system.dir/timer.c.o
 .ARM.attributes
                0x00000000000001ec       0x33 ../../system/CMakeFiles/system.dir/uart.c.o
 .ARM.attributes
                0x000000000000021f       0x33 ../../radio/CMakeFiles/radio.dir/sx1276/sx1276.c.o
 .ARM.attributes
                0x0000000000000252       0x33 ../../peripherals/CMakeFiles/peripherals.dir/gpio-ioe.c.o
 .ARM.attributes
                0x0000000000000285       0x33 ../../peripherals/CMakeFiles/peripherals.dir/sx1509.c.o
 .ARM.attributes
                0x00000000000002b8       0x33 ../../boards/STM32L476/CMakeFiles/STM32L476.dir/board.c.o
 .ARM.attributes
                0x00000000000002eb       0x33 ../../boards/STM32L476/CMakeFiles/STM32L476.dir/gpio-board.c.o
 .ARM.attributes
                0x000000000000031e       0x33 ../../boards/STM32L476/CMakeFiles/STM32L476.dir/rtc-board.c.o
 .ARM.attributes
                0x0000000000000351       0x33 ../../boards/STM32L476/CMakeFiles/STM32L476.dir/spi-board.c.o
 .ARM.attributes
                0x0000000000000384       0x33 ../../boards/STM32L476/CMakeFiles/STM32L476.dir/i2c-board.c.o
 .ARM.attributes
                0x00000000000003b7       0x33 ../../boards/STM32L476/CMakeFiles/STM32L476.dir/lcd-board.c.o
 .ARM.attributes